[en.wikipedia.org/wiki/De_Bruijn_index.3.delayed]
[ghc.haskell.org/trac/ghc/wiki/Commentary/Compiler/GeneratedCode5389.4.delayed]
[ghc.haskell.org/trac/ghc/wiki/Commentary/Compiler/GeneratedCode5389.5.delayed]
[kseo.github.io/posts/2014-01-27-using-llvm-in-haskell.html]
[kseo.github.io/posts/2016-12-23-organize-code-using-monads.html]
[kseo.github.io/posts/2016-12-28-lazy-vs-strict-state-monad.html]
[kseo.github.io/posts/2016-12-30-write-you-an-interpreter.html]
[kseo.github.io/posts/2016-12-31-type-inference-algorithms-of-haskell-like-languages.html]
[kseo.github.io/posts/2017-01-02-hindley-milner-inference-with-constraints.html]
[kseo.github.io/posts/2017-01-03-writing-an-interpreter-using-fold.html]
[kseo.github.io/posts/2017-01-05-implementing-a-call-by-value-interpreter-in-haskell.html]
[kseo.github.io/posts/2017-01-07-strict-identity-monad.html]
[kseo.github.io/posts/2017-01-09-continuation-passing-style-interpreter.html]
[backblue.gif]
[fade.gif]
[index.html]
[kseo.github.io/posts/2014-01-27-using-llvm-in-haskell.html]
[kseo.github.io/posts/2016-12-23-organize-code-using-monads.html]
[kseo.github.io/posts/2016-12-28-lazy-vs-strict-state-monad.html]
[kseo.github.io/posts/2016-12-30-write-you-an-interpreter.html]
[kseo.github.io/posts/2016-12-31-type-inference-algorithms-of-haskell-like-languages.html]
[kseo.github.io/posts/2017-01-02-hindley-milner-inference-with-constraints.html]
[kseo.github.io/posts/2017-01-03-writing-an-interpreter-using-fold.html]
[kseo.github.io/posts/2017-01-05-implementing-a-call-by-value-interpreter-in-haskell.html]
[kseo.github.io/posts/2017-01-07-strict-identity-monad.html]
[kseo.github.io/posts/2017-01-09-continuation-passing-style-interpreter.html]
[en.wikipedia.org/wiki/De_Bruijn_index-2.html]
[en.wikipedia.org/wiki/De_Bruijn_index-2.html]
