[github.com/Lemmih/lhc/tree/master/papers.html]
[learnyouahaskell.com/chapters.html]
[backblue.gif]
[fade.gif]
[index.html]
[www.mattkeeter.com/projects/constraints/index.html]
[andrew.gibiansky.com/blog/verification/writing-a-sat-solver/index.html]
[learnyouahaskell.com/chapters.html]
[book.realworldhaskell.org/read/index.html]
[chimera.labs.oreilly.com/books/1230000000929/index.html]
[blog.jakuba.net/2014/07/22/building-monad-transformers-part-1.html]
[blog.jakuba.net/2014/07/08/using-phantom-types-for-extra-safety.html]
[szeliski.org/Book/drafts/SzeliskiBook_20100903_draft.pdf]
[blog.jakuba.net/2014/07/10/using-phantom-types-in-haskell-for-extra-safety-part-2.html]
[blog.jakubarnold.cz/2014/07/14/lens-tutorial-introduction-part-1.html]
[taylor.fausak.me/2014/03/04/haskeleton-a-haskell-project-skeleton/index.html]
[www.cse.chalmers.se/_rjmh/QuickCheck/manual.html]
[blog.jakuba.net/2014/07/20/mutable-state-in-haskell.html]
[cdsmith.wordpress.com/2009/04/20/code-for-manipulating-graphs-in-haskell/index.html]
[www.schoolofhaskell.com/school/starting-with-haskell/libraries-and-frameworks/randoms.html]
[phaazon.blogspot.ca/2014/11/reactive-programming-through-explicit.html]
[www.mattkeeter.com/projects/constraints/graphs/eval.png]
[phaazon.blogspot.ca/2015/12/existential-quantification-and-gadt-in.html]
[www.mattkeeter.com/projects/constraints/vis.js]
[andrew.gibiansky.com/blog/verification/writing-a-sat-solver/data/Writing-a-SAT-Solver.ipynb]
[phaazon.blogspot.ca/2015/03/getting-into-netwire.html]
[www.mattkeeter.com/projects/contours/index.html]
[www.mattkeeter.com/projects/spacewar/index.html]
[learnyouahaskell.com/favicon.png]
[learnyouahaskell.com/rss.php]
[learnyouahaskell.com/introduction.html]
[learnyouahaskell.com/starting-out.html]
[learnyouahaskell.com/types-and-typeclasses.html]
[learnyouahaskell.com/syntax-in-functions.html]
[learnyouahaskell.com/recursion.html]
[learnyouahaskell.com/higher-order-functions.html]
[learnyouahaskell.com/modules.html]
[learnyouahaskell.com/making-our-own-types-and-typeclasses.html]
[learnyouahaskell.com/input-and-output.html]
[learnyouahaskell.com/functionally-solving-problems.html]
[learnyouahaskell.com/a-fistful-of-monads.html]
[learnyouahaskell.com/for-a-few-monads-more.html]
[learnyouahaskell.com/sh/Scripts/shCore.js]
[learnyouahaskell.com/functors-applicative-functors-and-monoids.html]
[learnyouahaskell.com/shBrushHaskell.js]
[learnyouahaskell.com/zippers.html]
[learnyouahaskell.com/shBrushPlain.js]
[learnyouahaskell.com/sh/Scripts/clipboard.swf]
[www.stackbuilders.com/tutorials/haskell/image-processing/index.html]
[www.stackbuilders.com/tutorials/haskell/bdd-in-haskell-with-hspec/index.html]
[www.cis.upenn.edu/_cis194/spring13/index.html]
[www.stackbuilders.com/tutorials/haskell/ghc-optimization-and-fusion/index.html]
[cis.upenn.edu/_cis194/fall16/index.html]
[austinrochford.com/posts/2013-10-21-generalized-composition-in-haskell.html]
[www.kuznero.com/posts/haskell/2015-07-31-common-concurrency-abstractions-MVar-part-2.html]
[taylor.fausak.me/2014/03/04/haskeleton-a-haskell-project-skeleton/taylor.fausak.html]
[phaazon.blogspot.ca/2014/11/foreword-abstracting-what-shaders-are.html]
[www.mattkeeter.com/projects/contours/images/comparison.png]
[www.mattkeeter.com/projects/contours/images/hi.png]
[www.mattkeeter.com/projects/contours/images/quadtree.png]
[www.mattkeeter.com/projects/contours/images/numbering.png]
[www.mattkeeter.com/projects/contours/images/fulltree.png]
[www.mattkeeter.com/projects/contours/images/multiquad.png]
[www.mattkeeter.com/projects/contours/images/leafs.png]
[www.mattkeeter.com/projects/contours/images/search.png]
[www.mattkeeter.com/projects/contours/images/squares.png]
[www.mattkeeter.com/projects/contours/images/ms.png]
[www.mattkeeter.com/projects/contours/images/sampled.png]
[www.mattkeeter.com/projects/contours/images/named.png]
[www.mattkeeter.com/projects/contours/images/sdf.png]
[www.mattkeeter.com/projects/contours/images/sdf_cracks.png]
[www.mattkeeter.com/projects/contours/images/cracks_zoom.png]
[www.mattkeeter.com/projects/contours/images/dualgrid.png]
[www.mattkeeter.com/projects/contours/images/signchange.png]
[www.mattkeeter.com/projects/contours/images/circlenorms.png]
[www.mattkeeter.com/projects/contours/images/dc_pts.png]
[www.mattkeeter.com/projects/contours/images/dual_construction.png]
[www.mattkeeter.com/projects/contours/images/dc_contour.png]
[www.mattkeeter.com/projects/contours/dc.zip]
[www.mattkeeter.com/projects/spacewar/rimshot.mp3]
[www.mattkeeter.com/projects/spacewar/spacewar.webmsd.webm]
[www.mattkeeter.com/projects/spacewar/spacewar.mp4]
[www.mattkeeter.com/projects/spacewar/images/hardware.jpg]
[www.mattkeeter.com/projects/spacewar/images/rtkb.jpg]
[www.mattkeeter.com/projects/spacewar/images/galvos.jpg]
[www.mattkeeter.com/projects/spacewar/images/front.jpg]
[www.mattkeeter.com/projects/spacewar/images/close.jpg]
[www.mattkeeter.com/projects/spacewar/images/gl.gif]
[learnyouahaskell.com/index.html]
[www.stackbuilders.com/tutorials/haskell/image-processing/boxed-data.png]
[www.stackbuilders.com/tutorials/haskell/image-processing/unboxed-data.png]
[www.stackbuilders.com/tutorials/haskell/image-processing/before-rotation.png]
[hackhands.com/guide-lazy-evaluation-haskell/Node.2a.delayed]
[www.stackbuilders.com/tutorials/haskell/image-processing/after-rotation.png]
[www.stackbuilders.com/tutorials/haskell/image-processing/juicy-pixels-generated-wonder.png]
[hackhands.com/guide-lazy-evaluation-haskell/Angular.js]
[www.cis.upenn.edu/_cis194/spring13/images/haskell-logo-small.png]
[hackhands.com/guide-lazy-evaluation-haskell/Backbone.js]
[cis.upenn.edu/_cis194/fall16/images/haskell-logo.png]
[hackhands.com/guide-lazy-evaluation-haskell/Meteor.js]
[hackhands.com/guide-lazy-evaluation-haskell/Ember.js]
[hackhands.com/guide-lazy-evaluation-haskell/index.html]
[community.haskell.org/_simonmar/index.html]
[cis.upenn.edu/_cis194/fall16/sols/05-real-world-haskell.hs]
[cis.upenn.edu/_cis194/fall16/sols/06-io-and-monads.hs]
[cis.upenn.edu/_cis194/fall16/sols/07-laziness.hs]
[cis.upenn.edu/_cis194/fall16/sols/08-functor-applicative.hs]
[cis.upenn.edu/_cis194/fall16/sols/09-more-applicative.hs]
[cis.upenn.edu/_cis194/fall16/sols/10-testing.hs]
[cis.upenn.edu/_cis194/fall16/sols/11-frp.hs]
[community.haskell.org/_simonmar/simonmarlow.jpg]
[community.haskell.org/_simonmar/bib/bib.html]
[community.haskell.org/_simonmar/pcph/cover.png]
[community.haskell.org/_simonmar/slides/cadarache2012/1 - parallel haskell.pdf]
[community.haskell.org/_simonmar/slides/cadarache2012/2 - par monad.pdf]
[community.haskell.org/_simonmar/slides/cadarache2012/3 - concurrent haskell.pdf]
[community.haskell.org/_simonmar/slides/cadarache2012/4 - software transactional memory.pdf]
[community.haskell.org/_simonmar/slides/cadarache2012/5 - server apps.pdf]
[community.haskell.org/_simonmar/slides/cadarache2012/6 - cloud haskell.pdf]
[community.haskell.org/_simonmar/slides/cadarache2012/7 - accelerate.pdf]
[community.haskell.org/_simonmar/lab-exercises-cadarache.pdf]
[cdsmith.wordpress.com/2009/04/20/code-for-manipulating-graphs-in-haskell/index.html]
[cdsmith.wordpress.com/2009/04/20/code-for-manipulating-graphs-in-haskell/feed/index.html]
[www.well-typed.com/blog/2016/01/efficient-queues/index.html]
[cdsmith.wordpress.com/2009/04/20/code-for-manipulating-graphs-in-haskell/amp/index.html]
[www.schoolofhaskell.com/school/starting-with-haskell/libraries-and-frameworks/randoms.html]
[cdsmith.wordpress.com/2009/04/20/code-for-manipulating-graphs-in-haskell/indexcc4c.html]
[github.com/Lemmih/lhc/tree/master/papers/dated.html]
[cdsmith.wordpress.com/2009/04/20/code-for-manipulating-graphs-in-haskell/indexeb1e.html]
[cdsmith.wordpress.com/2009/04/20/code-for-manipulating-graphs-in-haskell/indexc358.html]
[cdsmith.wordpress.com/2009/04/20/code-for-manipulating-graphs-in-haskell/index7ce1.html]
[github.com/Lemmih/lhc/tree/master/papers/misc.html]
[cdsmith.wordpress.com/2009/04/20/code-for-manipulating-graphs-in-haskell/index78d5.html]
[github.com/Lemmih/lhc/tree/master/papers/optimization.html]
[github.com/Lemmih/lhc/tree/master/papers.html]
[www.mattkeeter.com/projects/constraints/vis.css]
[learnyouahaskell.com/reset.css]
[learnyouahaskell.com/style.css]
[learnyouahaskell.com/sh/Styles/SyntaxHighlighter.css]
[learnyouahaskell.com/introduction.html]
[learnyouahaskell.com/starting-out.html]
[learnyouahaskell.com/types-and-typeclasses.html]
[learnyouahaskell.com/syntax-in-functions.html]
[learnyouahaskell.com/recursion.html]
[learnyouahaskell.com/higher-order-functions.html]
[learnyouahaskell.com/modules.html]
[learnyouahaskell.com/making-our-own-types-and-typeclasses.html]
[learnyouahaskell.com/input-and-output.html]
[learnyouahaskell.com/functionally-solving-problems.html]
[learnyouahaskell.com/functors-applicative-functors-and-monoids.html]
[learnyouahaskell.com/a-fistful-of-monads.html]
[learnyouahaskell.com/folds.33.delayed]
[learnyouahaskell.com/for-a-few-monads-more.html]
[learnyouahaskell.com/zippers.html]
[learnyouahaskell.com/60sdude.png]
[book.realworldhaskell.org/read/why-functional-programming-why-haskell.html]
[github.com/Lemmih/lhc/tree/master/papers/typechecking.html]
[learnyouahaskell.com/reverse-polish-notation-calculator.html]
[learnyouahaskell.com/pollywantsa.png]
[book.realworldhaskell.org/read/getting-started.html]
[book.realworldhaskell.org/read/types-and-functions.html]
[book.realworldhaskell.org/read/defining-types-streamlining-functions.html]
[learnyouahaskell.com/bread.png]
[learnyouahaskell.com/almostzipper.png]
[learnyouahaskell.com/higher-order-functions/index.html]
[learnyouahaskell.com/asstronaut.png]
[book.realworldhaskell.org/read/functional-programming.html]
[book.realworldhaskell.org/read/writing-a-library-working-with-json-data.html]
[book.realworldhaskell.org/read/using-typeclasses.html]
[book.realworldhaskell.org/read/io.html]
[learnyouahaskell.com/picard.png]
[learnyouahaskell.com/spongedisk.png]
[learnyouahaskell.com/cool.png]
[learnyouahaskell.com/bigtree.png]
[book.realworldhaskell.org/read/efficient-file-processing-regular-expressions-and-file-name-matching.html]
[book.realworldhaskell.org/read/io-case-study-a-library-for-searching-the-filesystem.html]
[book.realworldhaskell.org/read/code-case-study-parsing-a-binary-data-format.html]
[book.realworldhaskell.org/read/testing-and-quality-assurance.html]
[book.realworldhaskell.org/read/barcode-recognition.html]
[book.realworldhaskell.org/read/figs/ch11-hpc-round1.png]
[book.realworldhaskell.org/read/figs/ch11-coverage-screen.png]
[book.realworldhaskell.org/read/data-structures.html]
[book.realworldhaskell.org/read/monads.html]
[book.realworldhaskell.org/read/programming-with-monads.html]
[book.realworldhaskell.org/read/using-parsec.html]
[book.realworldhaskell.org/read/figs/ch12-bad-angled.jpg]
[book.realworldhaskell.org/read/figs/ch12-bad-too-near.jpg]
[book.realworldhaskell.org/read/figs/ch12-bad-too-far.jpg]
[book.realworldhaskell.org/read/figs/ch11-hpc-round2.png]
[book.realworldhaskell.org/read/interfacing-with-c-the-ffi.html]
[book.realworldhaskell.org/read/monad-transformers.html]
[book.realworldhaskell.org/read/error-handling.html]
[book.realworldhaskell.org/read/systems-programming-in-haskell.html]
[book.realworldhaskell.org/read/using-databases.html]
[book.realworldhaskell.org/read/extended-example-web-client-programming.html]
[book.realworldhaskell.org/read/gui-programming-with-gtk-hs.html]
[book.realworldhaskell.org/read/figs/ch12-barcode-generated.png]
[book.realworldhaskell.org/read/figs/ch12-barcode-example.png]
[book.realworldhaskell.org/read/figs/gui-glade-3.png]
[book.realworldhaskell.org/read/figs/ch12-barcode-photo.jpg]
[book.realworldhaskell.org/read/concurrent-and-multicore-programming.html]
[book.realworldhaskell.org/read/profiling-and-optimization.html]
[book.realworldhaskell.org/read/advanced-library-design-building-a-bloom-filter.html]
[book.realworldhaskell.org/read/sockets-and-syslog.html]
[book.realworldhaskell.org/read/figs/gui-pod-addwin.png]
[book.realworldhaskell.org/read/figs/gui-update-complete.png]
[book.realworldhaskell.org/read/figs/ch25-heap-hc.png]
[book.realworldhaskell.org/read/figs/gui-pod-mainwin.png]
[book.realworldhaskell.org/read/software-transactional-memory.html]
[book.realworldhaskell.org/read/installing-ghc-and-haskell-libraries.html]
[book.realworldhaskell.org/read/characters-strings-and-escaping-rules.html]
[book.realworldhaskell.org/read/web-site-and-comment-system-usage-and-policies.html]
[book.realworldhaskell.org/read/figs/ch25-heap-hd.png]
[book.realworldhaskell.org/read/figs/ch25-stack.png]
[book.realworldhaskell.org/read/figs/ch25-heap-hy.png]
[chimera.labs.oreilly.com/books/1230000000929/pr01.html]
[chimera.labs.oreilly.com/books/1230000000929/ch01.html]
[chimera.labs.oreilly.com/books/1230000000929/pt01.html]
[book.realworldhaskell.org/read/images/callouts/1.html]
[chimera.labs.oreilly.com/books/1230000000929/ch02.html]
[book.realworldhaskell.org/read/images/callouts/3.html]
[book.realworldhaskell.org/read/images/callouts/4.html]
[book.realworldhaskell.org/read/images/callouts/2.html]
[chimera.labs.oreilly.com/books/1230000000929/ch03.html]
[chimera.labs.oreilly.com/books/1230000000929/ch04.html]
[chimera.labs.oreilly.com/books/1230000000929/ch05.html]
[book.realworldhaskell.org/read/images/callouts/5.html]
[chimera.labs.oreilly.com/books/1230000000929/ch06.html]
[book.realworldhaskell.org/read/images/callouts/6.html]
[book.realworldhaskell.org/read/images/callouts/7.html]
[book.realworldhaskell.org/read/images/callouts/8.html]
[chimera.labs.oreilly.com/books/1230000000929/pt02.html]
[chimera.labs.oreilly.com/books/1230000000929/ch07.html]
[chimera.labs.oreilly.com/books/1230000000929/ch08.html]
[book.realworldhaskell.org/read/images/callouts/9.html]
[book.realworldhaskell.org/read/figs/win32-download.png]
[book.realworldhaskell.org/read/figs/win32-wizard1.png]
[chimera.labs.oreilly.com/books/1230000000929/ch09.html]
[chimera.labs.oreilly.com/books/1230000000929/ch10.html]
[chimera.labs.oreilly.com/books/1230000000929/ch11.html]
[book.realworldhaskell.org/read/images/callouts/10.html]
[book.realworldhaskell.org/read/figs/win32-ghci.png]
[book.realworldhaskell.org/read/figs/win32-start-menu.png]
[book.realworldhaskell.org/read/figs/osx-ghci.png]
[chimera.labs.oreilly.com/books/1230000000929/ch12.html]
[chimera.labs.oreilly.com/books/1230000000929/ch13.html]
[chimera.labs.oreilly.com/books/1230000000929/ch14.html]
[chimera.labs.oreilly.com/books/1230000000929/ch15.html]
[chimera.labs.oreilly.com/books/1230000000929/ix01.html]
[taylor.fausak.me/2014/03/04/haskeleton-a-haskell-project-skeleton/taylor.fausak.html]
[www.cse.chalmers.se/_rjmh/QuickCheck/manual_title.html]
[www.cse.chalmers.se/_rjmh/QuickCheck/manual_contents.html]
[www.cse.chalmers.se/_rjmh/QuickCheck/manual_body.html]
[www.cse.chalmers.se/_rjmh/QuickCheck/blank.html]
[www.cse.chalmers.se/_rjmh/QuickCheck/quickCheck]
[phaazon.blogspot.ca/2014/11/abstracting-over-shader-environment.html]
[phaazon.blogspot.ca/2014/11/foreword-abstracting-what-shaders-are.html]
[phaazon.blogspot.ca/2015/03/al-0112-was-shipped.html]
[phaazon.blogspot.ca/2015/03/al-0102-documentation-and-default-paths.html]
[learnyouahaskell.com/index.html]
[www.cis.upenn.edu/_cis194/spring13/css/style.css]
[learnyouahaskell.com/newsplash.png]
[www.cis.upenn.edu/_cis194/spring13/lectures.html]
[www.cis.upenn.edu/_cis194/spring13/policies.html]
[www.cis.upenn.edu/_cis194/spring13/resources.html]
[www.cis.upenn.edu/_cis194/spring13/docs/style.pdf]
[learnyouahaskell.com/faq.html]
[www.cis.upenn.edu/_cis194/spring13/final.html]
[cis.upenn.edu/_cis194/fall16/css/style.css]
[cis.upenn.edu/_cis194/fall16/index-2.html]
[cis.upenn.edu/_cis194/fall16/policies.html]
[www.cis.upenn.edu/_cis194/spring13/hw/01-intro.pdf]
[www.cis.upenn.edu/_cis194/spring13/lectures/01-intro.lhs]
[www.cis.upenn.edu/_cis194/spring13/lectures/02-ADTs.lhs]
[cis.upenn.edu/_cis194/fall16/resources.html]
[cis.upenn.edu/_cis194/fall16/final.html]
[cis.upenn.edu/_cis194/fall16/katch@sas.upenn.html]
[cis.upenn.edu/_cis194/fall16/style.html]
[www.cis.upenn.edu/_cis194/spring13/extras/02-ADTs/error.log]
[www.cis.upenn.edu/_cis194/spring13/extras/02-ADTs/sample.log]
[www.cis.upenn.edu/_cis194/spring13/hw/02-ADTs.pdf]
[www.cis.upenn.edu/_cis194/spring13/extras/02-ADTs/Log.hs]
[cis.upenn.edu/_cis194/fall16/lectures/01-intro.html]
[cis.upenn.edu/_cis194/fall16/hw/01-intro.html]
[cis.upenn.edu/_cis194/fall16/lectures/02-ho-datatypes.html]
[cis.upenn.edu/_cis194/fall16/hw/02-ho-datatypes.html]
[www.cis.upenn.edu/_cis194/spring13/lectures/03-rec-poly.lhs]
[www.cis.upenn.edu/_cis194/spring13/hw/03-rec-poly.pdf]
[cis.upenn.edu/_cis194/fall16/lectures/03-polymorphism.html]
[cis.upenn.edu/_cis194/fall16/hw/03-polymorphism.html]
[cis.upenn.edu/_cis194/fall16/lectures/04-typeclasses.html]
[cis.upenn.edu/_cis194/fall16/hw/04-typeclasses.html]
[www.cis.upenn.edu/_cis194/spring13/hw/04-higher-order.pdf]
[www.cis.upenn.edu/_cis194/spring13/lectures/04-higher-order.lhs]
[www.cis.upenn.edu/_cis194/spring13/lectures/05-type-classes.lhs]
[cis.upenn.edu/_cis194/fall16/lectures/05-real-world-haskell.html]
[cis.upenn.edu/_cis194/fall16/hw/05-real-world-haskell.html]
[cis.upenn.edu/_cis194/fall16/lectures/06-io-and-monads.html]
[cis.upenn.edu/_cis194/fall16/hw/06-io-and-monads.html]
[www.cis.upenn.edu/_cis194/spring13/extras/05-type-classes/ExprT.hs]
[www.cis.upenn.edu/_cis194/spring13/hw/05-type-classes.pdf]
[www.cis.upenn.edu/_cis194/spring13/extras/05-type-classes/Parser.hs]
[www.cis.upenn.edu/_cis194/spring13/extras/05-type-classes/StackVM.hs]
[cis.upenn.edu/_cis194/fall16/lectures/07-laziness.html]
[cis.upenn.edu/_cis194/fall16/hw/07-laziness.html]
[cis.upenn.edu/_cis194/fall16/lectures/08-functor-applicative.html]
[cis.upenn.edu/_cis194/fall16/hw/08-functor-applicative.html]
[www.cis.upenn.edu/_cis194/spring13/lectures/06-laziness.lhs]
[www.cis.upenn.edu/_cis194/spring13/hw/06-laziness.pdf]
[cis.upenn.edu/_cis194/fall16/lectures/09-more-applicative.html]
[cis.upenn.edu/_cis194/fall16/hw/09-more-applicative.html]
[cis.upenn.edu/_cis194/fall16/lectures/10-testing.html]
[cis.upenn.edu/_cis194/fall16/hw/10-testing.html]
[www.cis.upenn.edu/_cis194/spring13/hw/07-folds-monoids.pdf]
[www.cis.upenn.edu/_cis194/spring13/extras/07-folds-monoids/Editor.hs]
[www.cis.upenn.edu/_cis194/spring13/lectures/07-folds-monoids.lhs]
[www.cis.upenn.edu/_cis194/spring13/extras/07-folds-monoids/Buffer.hs]
[cis.upenn.edu/_cis194/fall16/lectures/11-frp.html]
[cis.upenn.edu/_cis194/fall16/hw/11-frp.html]
[cis.upenn.edu/_cis194/fall16/lectures/12-libraries.html]
[cis.upenn.edu/_cis194/fall16/lectures/13-packages.html]
[www.cis.upenn.edu/_cis194/spring13/extras/07-folds-monoids/StringBuffer.hs]
[www.cis.upenn.edu/_cis194/spring13/extras/07-folds-monoids/StringBufEditor.hs]
[www.cis.upenn.edu/_cis194/spring13/extras/07-folds-monoids/carol.txt]
[www.cis.upenn.edu/_cis194/spring13/extras/07-folds-monoids/Sized.hs]
[cis.upenn.edu/_cis194/fall16/lectures/14-lenses.html]
[www.kuznero.com/posts/haskell/2015-02-15-common-concurrency-abstractions-IORef-part-1.html]
[hackhands.com/guide-lazy-evaluation-haskell/Node.html]
[hackhands.com/guide-lazy-evaluation-haskell/Angular.html]
[www.cis.upenn.edu/_cis194/spring13/lectures/08-IO.lhs]
[www.cis.upenn.edu/_cis194/spring13/hw/08-IO.pdf]
[www.cis.upenn.edu/_cis194/spring13/extras/08-IO/Employee.hs]
[hackhands.com/guide-lazy-evaluation-haskell/Backbone.html]
[hackhands.com/guide-lazy-evaluation-haskell/Meteor.html]
[hackhands.com/guide-lazy-evaluation-haskell/Ember.html]
[community.haskell.org/_simonmar/home.css]
[www.cis.upenn.edu/_cis194/spring13/lectures/09-functors.lhs]
[www.cis.upenn.edu/_cis194/spring13/hw/09-functors.pdf]
[www.cis.upenn.edu/_cis194/spring13/extras/08-IO/company.txt]
[community.haskell.org/_simonmar/bib/bib.html]
[cdsmith.wordpress.com/2009/04/20/code-for-manipulating-graphs-in-haskell/amp/index.html]
[cdsmith.wordpress.com/2009/04/20/code-for-manipulating-graphs-in-haskell/index1ea5.html]
[cdsmith.wordpress.com/2009/04/20/code-for-manipulating-graphs-in-haskell/index9a7b.html]
[www.cis.upenn.edu/_cis194/spring13/lectures/10-applicative.lhs]
[www.cis.upenn.edu/_cis194/spring13/hw/10-applicative.pdf]
[www.cis.upenn.edu/_cis194/spring13/extras/10-applicative/AParser.hs]
[cdsmith.wordpress.com/2009/04/20/code-for-manipulating-graphs-in-haskell/index5a58.html]
[cdsmith.wordpress.com/2009/04/20/code-for-manipulating-graphs-in-haskell/index386f.html]
[cdsmith.wordpress.com/2009/04/20/code-for-manipulating-graphs-in-haskell/indexcc4c.html]
[cdsmith.wordpress.com/2009/04/20/code-for-manipulating-graphs-in-haskell/indexc358.html]
[www.cis.upenn.edu/_cis194/spring13/lectures/11-applicative2.lhs]
[www.cis.upenn.edu/_cis194/spring13/hw/11-applicative2.pdf]
[www.cis.upenn.edu/_cis194/spring13/extras/11-applicative2/AParser.hs]
[cdsmith.wordpress.com/2009/04/20/code-for-manipulating-graphs-in-haskell/indexeb1e.html]
[cdsmith.wordpress.com/2009/04/20/code-for-manipulating-graphs-in-haskell/index7ce1.html]
[cdsmith.wordpress.com/2009/04/20/code-for-manipulating-graphs-in-haskell/index78d5.html]
[www.cis.upenn.edu/_cis194/spring13/extras/11-applicative2/SExpr.hs]
[www.cis.upenn.edu/_cis194/spring13/lectures/12-monads.lhs]
[www.cis.upenn.edu/_cis194/spring13/hw/12-monads.pdf]
[github.com/Lemmih/lhc/tree/master/papers/dated.html]
[github.com/Lemmih/lhc/tree/master/papers/misc.html]
[github.com/Lemmih/lhc/tree/master/papers/optimization.html]
[github.com/Lemmih/lhc/tree/master/papers/typechecking.html]
[www.cis.upenn.edu/_cis194/spring13/extras/12-monads/Risk.hs]
[www.cis.upenn.edu/_cis194/spring13/docs/inthelarge.pdf]
[learnyouahaskell.com/higher-order-functions/index.html]
[learnyouahaskell.com/folds.html]
[learnyouahaskell.com/reverse-polish-notation-calculator.html]
[cis.upenn.edu/_cis194/fall16/images/function-machine.png]
[cis.upenn.edu/_cis194/fall16/images/haskell-logo-small.png]
[cis.upenn.edu/_cis194/fall16/images/pure.jpg]
[cis.upenn.edu/_cis194/fall16/images/relax.jpg]
[book.realworldhaskell.org/read/index-2.html]
[book.realworldhaskell.org/read/bibliography.html]
[book.realworldhaskell.org/read/images/callouts/1.html]
[book.realworldhaskell.org/read/images/callouts/2.html]
[cis.upenn.edu/_cis194/fall16/extras/Mazes.hs]
[cis.upenn.edu/_cis194/fall16/images/cake.jpg]
[cis.upenn.edu/_cis194/fall16/images/recipe.gif]
[cis.upenn.edu/_cis194/fall16/images/static.jpg]
[book.realworldhaskell.org/read/images/callouts/3.html]
[book.realworldhaskell.org/read/images/callouts/4.html]
[book.realworldhaskell.org/read/images/callouts/5.html]
[book.realworldhaskell.org/read/images/callouts/6.html]
[cis.upenn.edu/_cis194/fall16/images/chef.jpg]
[cis.upenn.edu/_cis194/fall16/hw/09-more-applicative.hs]
[cis.upenn.edu/_cis194/fall16/images/fire.jpg]
[book.realworldhaskell.org/read/images/callouts/7.html]
[book.realworldhaskell.org/read/images/callouts/8.html]
[book.realworldhaskell.org/read/images/callouts/9.html]
[book.realworldhaskell.org/read/images/callouts/10.html]
[cis.upenn.edu/_cis194/fall16/images/frp-event.png]
[cis.upenn.edu/_cis194/fall16/images/frp-behavior.png]
[cis.upenn.edu/_cis194/fall16/images/frp-stepper.png]
[cis.upenn.edu/_cis194/fall16/extras/11-frp.hs]
[chimera.labs.oreilly.com/books/1230000000929/co01.html]
[www.cse.chalmers.se/_rjmh/QuickCheck/manual_notes/1.html]
[www.cse.chalmers.se/_rjmh/QuickCheck/manual_notes/2.html]
[www.cse.chalmers.se/_rjmh/QuickCheck/manual_notes/3.html]
[cis.upenn.edu/_cis194/fall16/extras/12-libraries.hs]
[cis.upenn.edu/_cis194/fall16/extras/13-packages.tar.gz]
[cis.upenn.edu/_cis194/fall16/images/banana.png]
[community.haskell.org/_simonmar/papers/concurrent-data.pdf]
[learnyouahaskell.com/faq.html]
[www.cis.upenn.edu/_cis194/spring13/submission/hwsubmission.html]
[www.cis.upenn.edu/_cis194/spring13/lectures/01-intro.html]
[www.cis.upenn.edu/_cis194/spring13/lectures/02-ADTs.html]
[www.cis.upenn.edu/_cis194/spring13/submission/context.png]
[www.cis.upenn.edu/_cis194/spring13/submission/repolist.png]
[www.cis.upenn.edu/_cis194/spring13/lectures/03-rec-poly.html]
[www.cis.upenn.edu/_cis194/spring13/lectures/04-higher-order.html]
[www.cis.upenn.edu/_cis194/spring13/lectures/05-type-classes.html]
[www.cis.upenn.edu/_cis194/spring13/lectures/06-laziness.html]
[www.cis.upenn.edu/_cis194/spring13/submission/repourl.png]
[www.cis.upenn.edu/_cis194/spring13/submission/pullbutton.png]
[www.cis.upenn.edu/_cis194/spring13/submission/makepull1.png]
[www.cis.upenn.edu/_cis194/spring13/submission/makepull2.png]
[www.cis.upenn.edu/_cis194/spring13/lectures/07-folds-monoids.html]
[www.cis.upenn.edu/_cis194/spring13/lectures/08-IO.html]
[www.cis.upenn.edu/_cis194/spring13/lectures/09-functors.html]
[www.cis.upenn.edu/_cis194/spring13/lectures/10-applicative.html]
[www.cis.upenn.edu/_cis194/spring13/images/function-machine.png]
[www.cis.upenn.edu/_cis194/spring13/images/pure.jpg]
[www.cis.upenn.edu/_cis194/spring13/images/relax.jpg]
[www.cis.upenn.edu/_cis194/spring13/submission/ackpull.png]
[www.cis.upenn.edu/_cis194/spring13/lectures/11-applicative2.html]
[www.cis.upenn.edu/_cis194/spring13/lectures/12-monads.html]
[www.cis.upenn.edu/_cis194/spring13/piazza.html]
[www.cis.upenn.edu/_cis194/spring13/netowork.html]
[www.cis.upenn.edu/_cis194/spring13/static/relax.jpg]
[www.cis.upenn.edu/_cis194/spring13/static/cake.jpg]
[www.cis.upenn.edu/_cis194/spring13/static/recipe.gif]
[www.cis.upenn.edu/_cis194/spring13/images/static.jpg]
[cis.upenn.edu/_cis194/fall16/images/fibcalls.svg]
[book.realworldhaskell.org/read/hs.index.html]
[www.cis.upenn.edu/_cis194/spring13/submission/hwsubmission.css]
[www.cis.upenn.edu/_cis194/spring13/static/chef.jpg]
[www.cis.upenn.edu/_cis194/spring13/static/fire.jpg]
