[backblue.gif]
[fade.gif]
[index.html]
[www.mattkeeter.com/projects/constraints/index.html]
[szeliski.org/Book/drafts/SzeliskiBook_20100903_draft.pdf]
[andrew.gibiansky.com/blog/verification/writing-a-sat-solver/index.html]
[learnyouahaskell.com/chapters.html]
[book.realworldhaskell.org/read/index.html]
[chimera.labs.oreilly.com/books/1230000000929/index.html]
[blog.jakuba.net/2014/07/22/building-monad-transformers-part-1.html]
[blog.jakuba.net/2014/07/08/using-phantom-types-for-extra-safety.html]
[blog.jakuba.net/2014/07/10/using-phantom-types-in-haskell-for-extra-safety-part-2.html]
[blog.jakubarnold.cz/2014/07/14/lens-tutorial-introduction-part-1.html]
[taylor.fausak.me/2014/03/04/haskeleton-a-haskell-project-skeleton/index.html]
[www.cse.chalmers.se/_rjmh/QuickCheck/manual.html]
[blog.jakuba.net/2014/07/20/mutable-state-in-haskell.html]
[phaazon.blogspot.ca/2014/11/reactive-programming-through-explicit.html]
[phaazon.blogspot.ca/2015/12/existential-quantification-and-gadt-in.html]
[phaazon.blogspot.ca/2015/03/getting-into-netwire.html]
[www.mattkeeter.com/projects/contours/index.html]
[www.mattkeeter.com/projects/spacewar/index.html]
[www.stackbuilders.com/tutorials/haskell/image-processing/index.html]
[www.stackbuilders.com/tutorials/haskell/bdd-in-haskell-with-hspec/index.html]
[www.cis.upenn.edu/_cis194/spring13/index.html]
[www.stackbuilders.com/tutorials/haskell/ghc-optimization-and-fusion/index.html]
[www.mattkeeter.com/projects/constraints/graphs/eval.png]
[cis.upenn.edu/_cis194/fall16/index.html]
[www.mattkeeter.com/projects/constraints/vis.js]
[andrew.gibiansky.com/blog/verification/writing-a-sat-solver/data/Writing-a-SAT-Solver.ipynb]
[austinrochford.com/posts/2013-10-21-generalized-composition-in-haskell.html]
[learnyouahaskell.com/favicon.png]
[www.kuznero.com/posts/haskell/2015-07-31-common-concurrency-abstractions-MVar-part-2.html]
[learnyouahaskell.com/rss.php]
[learnyouahaskell.com/sh/Scripts/shCore.js]
[learnyouahaskell.com/shBrushHaskell.js]
[learnyouahaskell.com/shBrushPlain.js]
[learnyouahaskell.com/sh/Scripts/clipboard.swf]
[www.mattkeeter.com/projects/contours/images/comparison.png]
[www.mattkeeter.com/projects/contours/images/hi.png]
[www.mattkeeter.com/projects/contours/images/quadtree.png]
[www.mattkeeter.com/projects/contours/images/numbering.png]
[www.mattkeeter.com/projects/contours/images/fulltree.png]
[www.mattkeeter.com/projects/contours/images/multiquad.png]
[www.mattkeeter.com/projects/contours/images/leafs.png]
[www.mattkeeter.com/projects/contours/images/squares.png]
[www.mattkeeter.com/projects/contours/images/search.png]
[www.mattkeeter.com/projects/contours/images/ms.png]
[www.mattkeeter.com/projects/contours/images/sampled.png]
[www.mattkeeter.com/projects/contours/images/named.png]
[www.mattkeeter.com/projects/contours/images/sdf.png]
[www.mattkeeter.com/projects/contours/images/sdf_cracks.png]
[www.mattkeeter.com/projects/contours/images/cracks_zoom.png]
[www.mattkeeter.com/projects/contours/images/dualgrid.png]
[www.mattkeeter.com/projects/contours/images/signchange.png]
[www.mattkeeter.com/projects/contours/images/circlenorms.png]
[www.mattkeeter.com/projects/contours/images/dc_pts.png]
[www.mattkeeter.com/projects/contours/images/dual_construction.png]
[www.mattkeeter.com/projects/contours/images/dc_contour.png]
[www.mattkeeter.com/projects/contours/dc.zip]
[www.mattkeeter.com/projects/spacewar/rimshot.mp3]
[www.mattkeeter.com/projects/spacewar/spacewar.webmsd.webm]
[www.mattkeeter.com/projects/spacewar/spacewar.mp4]
[www.mattkeeter.com/projects/spacewar/images/hardware.jpg]
[www.mattkeeter.com/projects/spacewar/images/rtkb.jpg]
[www.mattkeeter.com/projects/spacewar/images/galvos.jpg]
[www.mattkeeter.com/projects/spacewar/images/front.jpg]
[www.mattkeeter.com/projects/spacewar/images/close.jpg]
[www.mattkeeter.com/projects/spacewar/images/gl.gif]
[www.stackbuilders.com/tutorials/haskell/image-processing/boxed-data.png]
[www.stackbuilders.com/tutorials/haskell/image-processing/unboxed-data.png]
[www.stackbuilders.com/tutorials/haskell/image-processing/before-rotation.png]
[www.stackbuilders.com/tutorials/haskell/image-processing/after-rotation.png]
[www.stackbuilders.com/tutorials/haskell/image-processing/juicy-pixels-generated-wonder.png]
[www.cis.upenn.edu/_cis194/spring13/images/haskell-logo-small.png]
[cis.upenn.edu/_cis194/fall16/images/haskell-logo.png]
[cis.upenn.edu/_cis194/fall16/sols/05-real-world-haskell.hs]
[cis.upenn.edu/_cis194/fall16/sols/06-io-and-monads.hs]
[cis.upenn.edu/_cis194/fall16/sols/07-laziness.hs]
[cis.upenn.edu/_cis194/fall16/sols/08-functor-applicative.hs]
[cis.upenn.edu/_cis194/fall16/sols/09-more-applicative.hs]
[cis.upenn.edu/_cis194/fall16/sols/10-testing.hs]
[cis.upenn.edu/_cis194/fall16/sols/11-frp.hs]
[hackhands.com/guide-lazy-evaluation-haskell/index.html]
[community.haskell.org/_simonmar/index.html]
[community.haskell.org/_simonmar/simonmarlow.jpg]
[community.haskell.org/_simonmar/pcph/cover.png]
[community.haskell.org/_simonmar/slides/cadarache2012/1 - parallel haskell.pdf]
[community.haskell.org/_simonmar/slides/cadarache2012/2 - par monad.pdf]
[community.haskell.org/_simonmar/slides/cadarache2012/3 - concurrent haskell.pdf]
[community.haskell.org/_simonmar/slides/cadarache2012/4 - software transactional memory.pdf]
[community.haskell.org/_simonmar/slides/cadarache2012/5 - server apps.pdf]
[community.haskell.org/_simonmar/slides/cadarache2012/6 - cloud haskell.pdf]
[community.haskell.org/_simonmar/slides/cadarache2012/7 - accelerate.pdf]
[community.haskell.org/_simonmar/lab-exercises-cadarache.pdf]
[cdsmith.wordpress.com/2009/04/20/code-for-manipulating-graphs-in-haskell/index.html]
[cdsmith.wordpress.com/2009/04/20/code-for-manipulating-graphs-in-haskell/feed/index.html]
[www.well-typed.com/blog/2016/01/efficient-queues/index.html]
[www.schoolofhaskell.com/school/starting-with-haskell/libraries-and-frameworks/randoms.html]
[github.com/Lemmih/lhc/tree/master/papers.html]
[blog.ezyang.com/2013/05/anatomy-of-an-mvar-operation/index.html]
[blog.ezyang.com/2010/06/the-haskell-preprocessor-hierarchy/index.html]
[www.schoolofhaskell.com/user/marcin/template-haskell-101.html]
[www.schoolofhaskell.com/user/marcin/quasiquotation-101.html]
[www.parsonsmatt.org/2015/11/15/template_haskell.html]
[www.well-typed.com/blog/2014/10/quasi-quoting-dsls/index.html]
[edsko.net/2013/05/09/brief-intro-to-quasi-quotation/index.html]
[www.well-typed.com/blog/2015/05/parametricity/index.html]
[www.well-typed.com/blog/2015/08/parametricity-part2/index.html]
[www.well-typed.com/blog/2014/12/simple-smt-solver/index.html]
[www.well-typed.com/blog/94/index.html]
[www.well-typed.com/blog/71/index.html]
[www.well-typed.com/blog/72/index.html]
[www.well-typed.com/blog/73/index.html]
[www.well-typed.com/blog/74/index.html]
[edsko.net/2013/01/24/threadscope-0-2-2/index.html]
[www.scs.stanford.edu/11au-cs240h/notes/index.html]
[dev.stephendiehl.com/fun/index.html]
