[backblue.gif]
[fade.gif]
[index.html]
[www.mattkeeter.com/projects/constraints/index.html]
[szeliski.org/Book/drafts/SzeliskiBook_20100903_draft.pdf]
[andrew.gibiansky.com/blog/verification/writing-a-sat-solver/index.html]
[learnyouahaskell.com/chapters.html]
[book.realworldhaskell.org/read/index.html]
[chimera.labs.oreilly.com/books/1230000000929/index.html]
[blog.jakuba.net/2014/07/22/building-monad-transformers-part-1.html]
[blog.jakuba.net/2014/07/08/using-phantom-types-for-extra-safety.html]
[blog.jakuba.net/2014/07/10/using-phantom-types-in-haskell-for-extra-safety-part-2.html]
[blog.jakubarnold.cz/2014/07/14/lens-tutorial-introduction-part-1.html]
[taylor.fausak.me/2014/03/04/haskeleton-a-haskell-project-skeleton/index.html]
[www.cse.chalmers.se/_rjmh/QuickCheck/manual.html]
[blog.jakuba.net/2014/07/20/mutable-state-in-haskell.html]
[phaazon.blogspot.ca/2014/11/reactive-programming-through-explicit.html]
[phaazon.blogspot.ca/2015/12/existential-quantification-and-gadt-in.html]
[phaazon.blogspot.ca/2015/03/getting-into-netwire.html]
[www.mattkeeter.com/projects/contours/index.html]
[www.mattkeeter.com/projects/spacewar/index.html]
[www.stackbuilders.com/tutorials/haskell/image-processing/index.html]
[www.stackbuilders.com/tutorials/haskell/bdd-in-haskell-with-hspec/index.html]
[www.cis.upenn.edu/_cis194/spring13/index.html]
[www.stackbuilders.com/tutorials/haskell/ghc-optimization-and-fusion/index.html]
[cis.upenn.edu/_cis194/fall16/index.html]
[www.mattkeeter.com/projects/constraints/graphs/eval.png]
[austinrochford.com/posts/2013-10-21-generalized-composition-in-haskell.html]
[www.mattkeeter.com/projects/constraints/vis.js]
[andrew.gibiansky.com/blog/verification/writing-a-sat-solver/data/Writing-a-SAT-Solver.ipynb]
[www.kuznero.com/posts/haskell/2015-07-31-common-concurrency-abstractions-MVar-part-2.html]
[learnyouahaskell.com/favicon.png]
[learnyouahaskell.com/rss.php]
[learnyouahaskell.com/sh/Scripts/shCore.js]
[learnyouahaskell.com/shBrushHaskell.js]
[learnyouahaskell.com/shBrushPlain.js]
[learnyouahaskell.com/sh/Scripts/clipboard.swf]
[jeltsch.wordpress.com/2013/04/18/miu-in-haskell/index.html]
[www.mattkeeter.com/projects/contours/images/comparison.png]
[www.mattkeeter.com/projects/contours/images/hi.png]
[www.mattkeeter.com/projects/contours/images/quadtree.png]
[www.mattkeeter.com/projects/contours/images/numbering.png]
[www.mattkeeter.com/projects/contours/images/fulltree.png]
[www.mattkeeter.com/projects/contours/images/multiquad.png]
[www.mattkeeter.com/projects/contours/images/leafs.png]
[www.mattkeeter.com/projects/contours/images/squares.png]
[www.mattkeeter.com/projects/contours/images/search.png]
[www.mattkeeter.com/projects/contours/images/ms.png]
[www.mattkeeter.com/projects/contours/images/sampled.png]
[www.mattkeeter.com/projects/contours/images/named.png]
[www.mattkeeter.com/projects/contours/images/sdf.png]
[www.mattkeeter.com/projects/contours/images/sdf_cracks.png]
[www.mattkeeter.com/projects/contours/images/cracks_zoom.png]
[www.mattkeeter.com/projects/contours/images/dualgrid.png]
[www.mattkeeter.com/projects/contours/images/signchange.png]
[www.mattkeeter.com/projects/contours/images/circlenorms.png]
[www.mattkeeter.com/projects/contours/images/dc_pts.png]
[www.mattkeeter.com/projects/contours/images/dual_construction.png]
[www.mattkeeter.com/projects/contours/images/dc_contour.png]
[www.mattkeeter.com/projects/contours/dc.zip]
[www.mattkeeter.com/projects/spacewar/rimshot.mp3]
[www.mattkeeter.com/projects/spacewar/spacewar.webmsd.webm]
[www.mattkeeter.com/projects/spacewar/spacewar.mp4]
[www.mattkeeter.com/projects/spacewar/images/hardware.jpg]
[www.mattkeeter.com/projects/spacewar/images/rtkb.jpg]
[www.mattkeeter.com/projects/spacewar/images/galvos.jpg]
[www.mattkeeter.com/projects/spacewar/images/front.jpg]
[www.mattkeeter.com/projects/spacewar/images/close.jpg]
[www.mattkeeter.com/projects/spacewar/images/gl.gif]
[www.stackbuilders.com/tutorials/haskell/image-processing/boxed-data.png]
[www.stackbuilders.com/tutorials/haskell/image-processing/unboxed-data.png]
[www.stackbuilders.com/tutorials/haskell/image-processing/before-rotation.png]
[www.stackbuilders.com/tutorials/haskell/image-processing/after-rotation.png]
[www.stackbuilders.com/tutorials/haskell/image-processing/juicy-pixels-generated-wonder.png]
[www.cis.upenn.edu/_cis194/spring13/images/haskell-logo-small.png]
[cis.upenn.edu/_cis194/fall16/images/haskell-logo.png]
[cis.upenn.edu/_cis194/fall16/sols/05-real-world-haskell.hs]
[cis.upenn.edu/_cis194/fall16/sols/06-io-and-monads.hs]
[cis.upenn.edu/_cis194/fall16/sols/07-laziness.hs]
[cis.upenn.edu/_cis194/fall16/sols/08-functor-applicative.hs]
[cis.upenn.edu/_cis194/fall16/sols/09-more-applicative.hs]
[cis.upenn.edu/_cis194/fall16/sols/10-testing.hs]
[cis.upenn.edu/_cis194/fall16/sols/11-frp.hs]
[hackhands.com/guide-lazy-evaluation-haskell/index.html]
[community.haskell.org/_simonmar/index.html]
[community.haskell.org/_simonmar/simonmarlow.jpg]
[community.haskell.org/_simonmar/pcph/cover.png]
[community.haskell.org/_simonmar/slides/cadarache2012/1 - parallel haskell.pdf]
[community.haskell.org/_simonmar/slides/cadarache2012/2 - par monad.pdf]
[community.haskell.org/_simonmar/slides/cadarache2012/3 - concurrent haskell.pdf]
[community.haskell.org/_simonmar/slides/cadarache2012/4 - software transactional memory.pdf]
[community.haskell.org/_simonmar/slides/cadarache2012/5 - server apps.pdf]
[community.haskell.org/_simonmar/slides/cadarache2012/6 - cloud haskell.pdf]
[community.haskell.org/_simonmar/slides/cadarache2012/7 - accelerate.pdf]
[community.haskell.org/_simonmar/lab-exercises-cadarache.pdf]
[cdsmith.wordpress.com/2009/04/20/code-for-manipulating-graphs-in-haskell/index.html]
[cdsmith.wordpress.com/2009/04/20/code-for-manipulating-graphs-in-haskell/feed/index.html]
[www.well-typed.com/blog/2016/01/efficient-queues/index.html]
[www.schoolofhaskell.com/school/starting-with-haskell/libraries-and-frameworks/randoms.html]
[github.com/Lemmih/lhc/tree/master/papers.html]
[blog.ezyang.com/2013/05/anatomy-of-an-mvar-operation/index.html]
[blog.ezyang.com/2013/05/anatomy-of-an-mvar-operation/feed/index.html]
[blog.ezyang.com/2010/06/the-haskell-preprocessor-hierarchy/index.html]
[blog.ezyang.com/2010/06/the-haskell-preprocessor-hierarchy/feed/index.html]
[www.schoolofhaskell.com/user/marcin/template-haskell-101.html]
[www.schoolofhaskell.com/user/marcin/quasiquotation-101.html]
[www.parsonsmatt.org/2015/11/15/template_haskell.html]
[www.well-typed.com/blog/2014/10/quasi-quoting-dsls/index.html]
[edsko.net/2013/05/09/brief-intro-to-quasi-quotation/index.html]
[www.well-typed.com/blog/2015/05/parametricity/index.html]
[www.well-typed.com/blog/2015/08/parametricity-part2/index.html]
[www.well-typed.com/blog/2014/12/simple-smt-solver/index.html]
[www.well-typed.com/blog/94/index.html]
[www.well-typed.com/blog/71/index.html]
[community.haskell.org/_simonmar/papers/conc-ffi.pdf]
[www.well-typed.com/blog/72/index.html]
[www.well-typed.com/blog/73/index.html]
[www.well-typed.com/blog/74/index.html]
[edsko.net/2013/01/24/threadscope-0-2-2/index.html]
[www.scs.stanford.edu/11au-cs240h/notes/index.html]
[www.scs.stanford.edu/11au-cs240h/notes/basics.md]
[www.scs.stanford.edu/11au-cs240h/notes/memory.md]
[www.scs.stanford.edu/11au-cs240h/notes/testing.md]
[www.scs.stanford.edu/11au-cs240h/notes/concurrency.md]
[www.scs.stanford.edu/11au-cs240h/notes/zipper.md]
[www.scs.stanford.edu/11au-cs240h/notes/laziness.md]
[www.scs.stanford.edu/11au-cs240h/notes/monads.md]
[dev.stephendiehl.com/fun/index.html]
[www.scs.stanford.edu/11au-cs240h/notes/iteratee.md]
[dev.stephendiehl.com/hask/index.html]
[www.scs.stanford.edu/11au-cs240h/notes/ifc.md]
[www.scs.stanford.edu/11au-cs240h/notes/parsing.md]
[www.scs.stanford.edu/11au-cs240h/notes/perf.md]
[ocharles.org.uk/blog/index.html]
[www.scs.stanford.edu/11au-cs240h/notes/par.md]
[www.scs.stanford.edu/11au-cs240h/notes/ghc.md]
[www.scs.stanford.edu/11au-cs240h/notes/omgwtfbbq.md]
[www.scs.stanford.edu/11au-cs240h/notes/extensions.md]
[www.scs.stanford.edu/11au-cs240h/notes/generic.md]
[dev.stephendiehl.com/fun/rss/atom.xml]
[dev.stephendiehl.com/fun/WYAH.pdf]
[dev.stephendiehl.com/fun/img/Haskell-Logo.png]
[dev.stephendiehl.com/fun/img/cover.png]
[ghc.haskell.org/trac/ghc/wiki/Commentary/Compiler/GeneratedCode.html]
[www.schoolofhaskell.com/user/thoughtpolice/using-reflection.html]
[akgupta.ca/blog/2014/06/21/k-nn-algorithm-in-golang-and-haskell/index.html]
[akgupta.ca/blog/2013/05/14/so-you-still-dont-understand-hindley-milner/index.html]
[akgupta.ca/blog/2013/06/07/so-you-still-dont-understand-hindley-milner-part-2/index.html]
[dev.stephendiehl.com/hask/tutorial.pdf]
[akgupta.ca/blog/2013/06/07/so-you-still-dont-understand-hindley-milner-part-3/index.html]
[www.schoolofhaskell.com/user/liyang/profunctors.html]
[dev.stephendiehl.com/hask/img/lambda.png]
[dev.stephendiehl.com/hask/img/criterion.png]
[blog.sigfpe.com/2011/07/profunctors-in-haskell.html]
[dev.stephendiehl.com/hask/img/numerics.png]
[dev.stephendiehl.com/hask/img/graph1.png]
[dev.stephendiehl.com/hask/img/graph2.png]
[dev.stephendiehl.com/hask/img/graphviz.png]
[dev.stephendiehl.com/hask/img/threadscope.png]
[dev.stephendiehl.com/hask/img/par.png]
[dev.stephendiehl.com/hask/img/diagram1.png]
[dev.stephendiehl.com/hask/img/ghc.png]
[dev.stephendiehl.com/hask/img/ekg.png]
[ocharles.org.uk/blog/posts.rss]
[ocharles.org.uk/blog/img/twitter.ico]
[ocharles.org.uk/blog/img/adn.ico]
[ocharles.org.uk/blog/img/github.ico]
[ocharles.org.uk/blog/img/musicbrainz.ico]
[ocharles.org.uk/blog/img/lastfm.ico]
[ocharles.org.uk/blog/img/goodreads.ico]
[ocharles.org.uk/blog/img/soundcloud.ico]
[ghc.haskell.org/trac/ghc/wiki/Commentary/Compiler/Commentary%2FCompiler%2FGeneratedCode56e6.txt]
[martingalemeasure.wordpress.com/2014/06/24/solving-the-15-puzzle-with-haskell-and-diagrams-10/feed/index.html]
[martingalemeasure.wordpress.com/2014/06/24/solving-the-15-puzzle-with-haskell-and-diagrams-10/index.html]
[intolerable.me/lens-operators-intro/index.html]
[www.stephendiehl.com/posts/monads_machine_code.html]
[www.stephendiehl.com/posts.html]
[www.stephendiehl.com/llvm/index.html]
[dev.stephendiehl.com/numpile/index.html]
[www.stephendiehl.com/feed.rss]
[www.stephendiehl.com/images/bits.png]
[www.stephendiehl.com/images/coffee.png]
[www.stephendiehl.com/images/registers.png]
[www.stephendiehl.com/images/opcode.png]
[www.stephendiehl.com/images/Prefix.png]
[www.stephendiehl.com/images/ModRM.png]
[www.stephendiehl.com/images/ModRM_example.png]
[www.stephendiehl.com/images/Scale.png]
[www.stephendiehl.com/feed.atom]
[www.stephendiehl.com/llvm/img/compiler.png]
[www.stephendiehl.com/llvm/img/ifthencfg.png]
[www.stephendiehl.com/llvm/img/forloop.png]
[www.stephendiehl.com/llvm/img/mandelbrot.png]
[www.stephendiehl.com/llvm/img/cfg.png]
[dev.stephendiehl.com/numpile/images/logo_med.png]
[dev.stephendiehl.com/numpile/images/DragonMedium.png]
[dev.stephendiehl.com/numpile/images/ret.png]
[dev.stephendiehl.com/numpile/images/branch.png]
[dev.stephendiehl.com/numpile/images/cbranch.png]
[dev.stephendiehl.com/numpile/images/phi.png]
[dev.stephendiehl.com/numpile/images/switch.png]
[dev.stephendiehl.com/numpile/images/for.png]
[dev.stephendiehl.com/numpile/images/dot.png]
[www.schoolofhaskell.com/user/snoyberg/library-documentation/vectorbuilder.html]
[www.schoolofhaskell.com/user/snoyberg/library-documentation/conduit-overview.html]
[www.schoolofhaskell.com/user/snoyberg/library-documentation/resourcet.html]
[www.schoolofhaskell.com/user/snoyberg/general-haskell/advanced/evaluation-order-and-state-tokens.html]
[www.schoolofhaskell.com/user/snoyberg/general-haskell/exceptions/catching-all-exceptions.html]
[github.com/ekmett/lens/commits/master.atom]
[github.com/ekmett/lens/wiki.html]
[robots.thoughtbot.com/assets/favicon-f2dbb21c91d2db85a5cb89a59e2b72cca851b16f03caffad1f8375cb8e957e0a.ico]
[robots.thoughtbot.com/applicative-options-parsing-in-haskell.html]
[robots.thoughtbot.com/assets/apple-touch-icon-f5660bd740993647d20c17d16b3fae2697e73d818752f2d4f3045e49d8b80153.png]
[robots.thoughtbot.com/assets/application-bbf94746fb135c6b856f4e12ddc446ccb8dffb30f060c3fa348511e86dd1f3aa.js]
[takenobu-hs.github.io/downloads/index.html]
[www.stephendiehl.com/posts/essential_compilers.html]
[ghc.haskell.org/trac/ghc/wiki/ReadingList.html]
[takenobu-hs.github.io/downloads/haskell_ghc_illustrated.pdf]
[takenobu-hs.github.io/downloads/haskell_lazy_evaluation.pdf]
[takenobu-hs.github.io/downloads/type_introduction_illustrated.pdf]
[kseo.github.io/posts/2016-12-11-how-to-read-arrow-combinators.html]
[takenobu-hs.github.io/downloads/ghc_development_flow.pdf]
[kseo.github.io/posts/2016-12-22-pattern-synonyms.html]
[community.haskell.org/_simonmar/papers/parallel-gc.pdf]
[kseo.github.io/posts/2016-12-14-how-quick-check-generate-random-functions.html]
[ghc.haskell.org/trac/ghc/wiki/ReadingList56e6.txt]
[kseo.github.io/posts/2016-12-19-encoding-existentials.html]
[kseo.github.io/posts/2014-01-28-calling-c-library-functions-dynamically-in-haskell.html]
[community.haskell.org/_simonmar/papers/multicore-ghc.pdf]
[kseo.github.io/posts/2014-01-30-implementing-union-find-in-haskell.html]
[community.haskell.org/_simonmar/papers/ptr-tagging.pdf]
[kseo.github.io/posts/2014-02-03-data-typeable-and-data-dynamic-in-haskell.html]
[community.haskell.org/_simonmar/papers/async.pdf]
[community.haskell.org/_simonmar/papers/multiproc.pdf]
[ogldev.atspace.co.uk/index.html]
[www.fpcomplete.com/blog/2016/11/covariance-contravariance.html]
[www.fpcomplete.com/blog/2016/03/efficient-binary-serialization.html]
[www.fpcomplete.com/blog/2016/11/comparative-concurrency-with-haskell.html]
[www.schoolofhaskell.com/school/to-infinity-and-beyond/pick-of-the-week/type-families-and-pokemon.html]
[ogldev.atspace.co.uk/www/logo hdpi.png]
[abailly.github.io/posts/note-on-stm.html]
[abailly.github.io/posts/jmm.html]
[ogldev.atspace.co.uk/ogldev-source.zip]
[ogldev.atspace.co.uk/tutorial01.jpg]
[ogldev.atspace.co.uk/tutorial02.jpg]
[ogldev.atspace.co.uk/tutorial03.jpg]
[ogldev.atspace.co.uk/tutorial04.jpg]
[ogldev.atspace.co.uk/tutorial05.jpg]
[ogldev.atspace.co.uk/tutorial06.jpg]
[ogldev.atspace.co.uk/tutorial07.jpg]
[ogldev.atspace.co.uk/tutorial08.jpg]
[ogldev.atspace.co.uk/tutorial09.jpg]
[ogldev.atspace.co.uk/tutorial10.jpg]
[ogldev.atspace.co.uk/tutorial11.jpg]
[ogldev.atspace.co.uk/tutorial12.jpg]
[ogldev.atspace.co.uk/tutorial13.jpg]
[ogldev.atspace.co.uk/tutorial14.jpg]
[ogldev.atspace.co.uk/tutorial15.jpg]
[ogldev.atspace.co.uk/tutorial16.jpg]
[ogldev.atspace.co.uk/tutorial17.jpg]
[ogldev.atspace.co.uk/tutorial18.jpg]
[ogldev.atspace.co.uk/tutorial19.jpg]
[ogldev.atspace.co.uk/tutorial20.jpg]
[ogldev.atspace.co.uk/tutorial21.jpg]
[ogldev.atspace.co.uk/tutorial22.jpg]
[ogldev.atspace.co.uk/tutorial23.jpg]
[ogldev.atspace.co.uk/tutorial24.jpg]
[ogldev.atspace.co.uk/tutorial25.jpg]
[ogldev.atspace.co.uk/tutorial26.jpg]
[ogldev.atspace.co.uk/tutorial27.jpg]
[ogldev.atspace.co.uk/tutorial28.jpg]
[ogldev.atspace.co.uk/tutorial29.jpg]
[ogldev.atspace.co.uk/tutorial30.jpg]
[ogldev.atspace.co.uk/tutorial31.jpg]
[ogldev.atspace.co.uk/tutorial32.jpg]
[ogldev.atspace.co.uk/tutorial33.jpg]
[ogldev.atspace.co.uk/tutorial34.jpg]
[ogldev.atspace.co.uk/tutorial35.jpg]
[ogldev.atspace.co.uk/tutorial36.jpg]
[ogldev.atspace.co.uk/tutorial37.jpg]
[ogldev.atspace.co.uk/tutorial38.jpg]
[ogldev.atspace.co.uk/tutorial39.jpg]
[ogldev.atspace.co.uk/tutorial40.jpg]
[ogldev.atspace.co.uk/tutorial41.jpg]
[ogldev.atspace.co.uk/tutorial42.jpg]
[ogldev.atspace.co.uk/tutorial43.jpg]
[ogldev.atspace.co.uk/tutorial44.jpg]
[ogldev.atspace.co.uk/tutorial45.jpg]
[ogldev.atspace.co.uk/tutorial46.jpg]
[ogldev.atspace.co.uk/tutorial47.jpg]
[ogldev.atspace.co.uk/tutorial48.jpg]
[ogldev.atspace.co.uk/tutorial49.jpg]
[ogldev.atspace.co.uk/tutorial50.jpg]
[jeltsch.wordpress.com/2016/02/22/generic-programming-in-haskell/index.html]
[jeltsch.wordpress.com/2016/02/22/generic-programming-in-haskell/feed/index.html]
[jeltsch.wordpress.com/2013/02/09/some-interesting-features-of-haskells-type-system/index.html]
[jeltsch.wordpress.com/2013/02/09/some-interesting-features-of-haskells-type-system/feed/index.html]
[en.wikipedia.org/wiki/MU_puzzle.html]
[jeltsch.wordpress.com/2013/04/18/miu-in-haskell/feed/index.html]
[jeltsch.wordpress.com/2013/04/18/miu-in-haskell/amp/index.html]
[en.wikipedia.org/wiki/Indo-European_languages.html]
[jeltsch.wordpress.com/2013/04/18/miu-in-haskell/index.html]
[www.mattkeeter.com/projects/constraints/vis.css]
[en.wikipedia.org/wiki/Gradient_descent.html]
[en.wikipedia.org/wiki/Estonian_language.html]
[en.wikipedia.org/wiki/Partial_derivative.html]
[en.wikipedia.org/wiki/Automatic_differentiation.html]
[en.wikipedia.org/wiki/Sum_rule_in_differentiation.html]
[en.wikipedia.org/wiki/Product_rule.html]
[en.wikipedia.org/wiki/Quotient_rule.html]
[jeltsch.wordpress.com/2013/04/18/miu-in-haskell/indexe954.html]
[en.wikipedia.org/wiki/Backtracking_line_search.html]
[jeltsch.wordpress.com/2013/04/18/miu-in-haskell/indexba76.html]
[en.wikipedia.org/wiki/Boolean_satisfiability_problem.html]
[jeltsch.wordpress.com/2013/04/18/miu-in-haskell/index78b4.html]
[en.wikipedia.org/wiki/De_Morgan's_laws.html]
[jeltsch.wordpress.com/2013/04/18/miu-in-haskell/indexe29b.html]
[learnyouahaskell.com/reset.css]
[jeltsch.wordpress.com/2013/04/18/miu-in-haskell/index7714.html]
[learnyouahaskell.com/style.css]
[jeltsch.wordpress.com/2013/04/18/miu-in-haskell/index62de.html]
[learnyouahaskell.com/sh/Styles/SyntaxHighlighter.css]
[jeltsch.wordpress.com/2013/04/18/miu-in-haskell/index2e1b.html]
[learnyouahaskell.com/introduction.html]
[learnyouahaskell.com/starting-out.html]
[learnyouahaskell.com/types-and-typeclasses.html]
[learnyouahaskell.com/syntax-in-functions.html]
[learnyouahaskell.com/recursion.html]
[learnyouahaskell.com/higher-order-functions.html]
[learnyouahaskell.com/modules.html]
[learnyouahaskell.com/making-our-own-types-and-typeclasses.html]
[learnyouahaskell.com/input-and-output.html]
[learnyouahaskell.com/functionally-solving-problems.html]
[learnyouahaskell.com/functors-applicative-functors-and-monoids.html]
[learnyouahaskell.com/a-fistful-of-monads.html]
[learnyouahaskell.com/for-a-few-monads-more.html]
[learnyouahaskell.com/zippers.html]
[book.realworldhaskell.org/read/why-functional-programming-why-haskell.html]
[book.realworldhaskell.org/read/getting-started.html]
[book.realworldhaskell.org/read/types-and-functions.html]
[book.realworldhaskell.org/read/defining-types-streamlining-functions.html]
[book.realworldhaskell.org/read/functional-programming.html]
[book.realworldhaskell.org/read/writing-a-library-working-with-json-data.html]
[book.realworldhaskell.org/read/using-typeclasses.html]
[book.realworldhaskell.org/read/io.html]
[book.realworldhaskell.org/read/efficient-file-processing-regular-expressions-and-file-name-matching.html]
[book.realworldhaskell.org/read/io-case-study-a-library-for-searching-the-filesystem.html]
[book.realworldhaskell.org/read/code-case-study-parsing-a-binary-data-format.html]
[book.realworldhaskell.org/read/testing-and-quality-assurance.html]
[book.realworldhaskell.org/read/barcode-recognition.html]
[book.realworldhaskell.org/read/data-structures.html]
[book.realworldhaskell.org/read/monads.html]
[book.realworldhaskell.org/read/programming-with-monads.html]
[book.realworldhaskell.org/read/using-parsec.html]
[book.realworldhaskell.org/read/interfacing-with-c-the-ffi.html]
[book.realworldhaskell.org/read/monad-transformers.html]
[book.realworldhaskell.org/read/error-handling.html]
[book.realworldhaskell.org/read/systems-programming-in-haskell.html]
[book.realworldhaskell.org/read/using-databases.html]
[book.realworldhaskell.org/read/extended-example-web-client-programming.html]
[book.realworldhaskell.org/read/gui-programming-with-gtk-hs.html]
[book.realworldhaskell.org/read/concurrent-and-multicore-programming.html]
[book.realworldhaskell.org/read/profiling-and-optimization.html]
[book.realworldhaskell.org/read/advanced-library-design-building-a-bloom-filter.html]
[book.realworldhaskell.org/read/sockets-and-syslog.html]
[book.realworldhaskell.org/read/software-transactional-memory.html]
[book.realworldhaskell.org/read/installing-ghc-and-haskell-libraries.html]
[book.realworldhaskell.org/read/characters-strings-and-escaping-rules.html]
[book.realworldhaskell.org/read/web-site-and-comment-system-usage-and-policies.html]
[chimera.labs.oreilly.com/books/1230000000929/pr01.html]
[chimera.labs.oreilly.com/books/1230000000929/ch01.html]
[chimera.labs.oreilly.com/books/1230000000929/pt01.html]
[chimera.labs.oreilly.com/books/1230000000929/ch02.html]
[chimera.labs.oreilly.com/books/1230000000929/ch03.html]
[chimera.labs.oreilly.com/books/1230000000929/ch04.html]
[chimera.labs.oreilly.com/books/1230000000929/ch05.html]
[chimera.labs.oreilly.com/books/1230000000929/ch06.html]
[chimera.labs.oreilly.com/books/1230000000929/pt02.html]
[chimera.labs.oreilly.com/books/1230000000929/ch07.html]
[chimera.labs.oreilly.com/books/1230000000929/ch08.html]
[chimera.labs.oreilly.com/books/1230000000929/ch09.html]
[chimera.labs.oreilly.com/books/1230000000929/ch10.html]
[chimera.labs.oreilly.com/books/1230000000929/ch11.html]
[chimera.labs.oreilly.com/books/1230000000929/ch12.html]
[chimera.labs.oreilly.com/books/1230000000929/ch13.html]
[chimera.labs.oreilly.com/books/1230000000929/ch14.html]
[chimera.labs.oreilly.com/books/1230000000929/ch15.html]
[chimera.labs.oreilly.com/books/1230000000929/ix01.html]
[taylor.fausak.me/2014/03/04/haskeleton-a-haskell-project-skeleton/taylor.fausak.html]
[www.cse.chalmers.se/_rjmh/QuickCheck/manual_title.html]
[www.cse.chalmers.se/_rjmh/QuickCheck/manual_contents.html]
[www.cse.chalmers.se/_rjmh/QuickCheck/manual_body.html]
[www.cse.chalmers.se/_rjmh/QuickCheck/blank.html]
[en.wikipedia.org/wiki/Referential_transparency_(computer_science).html]
[en.wikipedia.org/wiki/Observer_pattern]
[phaazon.blogspot.ca/2014/11/abstracting-over-shader-environment.html]
[phaazon.blogspot.ca/2014/11/foreword-abstracting-what-shaders-are.html]
[en.wikipedia.org/wiki/Functional_reactive_programming]
[en.wikipedia.org/wiki/Spaghetti_code]
[en.wikipedia.org/wiki/Behavior]
[en.wikipedia.org/wiki/Automaton]
[en.wikipedia.org/wiki/Category_(mathematics)]
[en.wikipedia.org/wiki/Semigroup]
[phaazon.blogspot.ca/2015/03/al-0112-was-shipped.html]
[phaazon.blogspot.ca/2015/03/al-0102-documentation-and-default-paths.html]
[en.wikipedia.org/wiki/Function_representation.html]
[en.wikipedia.org/wiki/Marching_squares.html]
[en.wikipedia.org/wiki/Quadtree.html]
[en.wikipedia.org/wiki/Bilinear_interpolation.html]
[en.wikipedia.org/wiki/Dual_graph.html]
[en.wikipedia.org/wiki/Spacewar_(video_game).html]
[en.wikipedia.org/wiki/Galvanometer.html]
[en.wikipedia.org/wiki/Stereolithography.html]
[learnyouahaskell.com/index.html]
[en.wikipedia.org/wiki/LLVM.html]
[www.cis.upenn.edu/_cis194/spring13/css/style.css]
[www.cis.upenn.edu/_cis194/spring13/lectures.html]
[www.cis.upenn.edu/_cis194/spring13/policies.html]
[www.cis.upenn.edu/_cis194/spring13/resources.html]
[www.cis.upenn.edu/_cis194/spring13/final.html]
[en.wikipedia.org/wiki/Object_file.html]
[cis.upenn.edu/_cis194/fall16/css/style.css]
[cis.upenn.edu/_cis194/fall16/index-2.html]
[cis.upenn.edu/_cis194/fall16/policies.html]
[cis.upenn.edu/_cis194/fall16/resources.html]
[cis.upenn.edu/_cis194/fall16/final.html]
[cis.upenn.edu/_cis194/fall16/katch@sas.upenn.html]
[cis.upenn.edu/_cis194/fall16/style.html]
[cis.upenn.edu/_cis194/fall16/lectures/01-intro.html]
[cis.upenn.edu/_cis194/fall16/hw/01-intro.html]
[cis.upenn.edu/_cis194/fall16/lectures/02-ho-datatypes.html]
[cis.upenn.edu/_cis194/fall16/hw/02-ho-datatypes.html]
[cis.upenn.edu/_cis194/fall16/lectures/03-polymorphism.html]
[cis.upenn.edu/_cis194/fall16/hw/03-polymorphism.html]
[cis.upenn.edu/_cis194/fall16/lectures/04-typeclasses.html]
[cis.upenn.edu/_cis194/fall16/hw/04-typeclasses.html]
[cis.upenn.edu/_cis194/fall16/lectures/05-real-world-haskell.html]
[cis.upenn.edu/_cis194/fall16/hw/05-real-world-haskell.html]
[cis.upenn.edu/_cis194/fall16/lectures/06-io-and-monads.html]
[cis.upenn.edu/_cis194/fall16/hw/06-io-and-monads.html]
[cis.upenn.edu/_cis194/fall16/lectures/07-laziness.html]
[cis.upenn.edu/_cis194/fall16/hw/07-laziness.html]
[cis.upenn.edu/_cis194/fall16/lectures/08-functor-applicative.html]
[cis.upenn.edu/_cis194/fall16/hw/08-functor-applicative.html]
[cis.upenn.edu/_cis194/fall16/lectures/09-more-applicative.html]
[cis.upenn.edu/_cis194/fall16/hw/09-more-applicative.html]
[cis.upenn.edu/_cis194/fall16/lectures/10-testing.html]
[cis.upenn.edu/_cis194/fall16/hw/10-testing.html]
[cis.upenn.edu/_cis194/fall16/lectures/11-frp.html]
[cis.upenn.edu/_cis194/fall16/hw/11-frp.html]
[cis.upenn.edu/_cis194/fall16/lectures/12-libraries.html]
[cis.upenn.edu/_cis194/fall16/lectures/13-packages.html]
[cis.upenn.edu/_cis194/fall16/lectures/14-lenses.html]
[en.wikipedia.org/wiki/Compare-and-swap.html]
[www.kuznero.com/posts/haskell/2015-02-15-common-concurrency-abstractions-IORef-part-1.html]
[hackhands.com/guide-lazy-evaluation-haskell/Node.html]
[hackhands.com/guide-lazy-evaluation-haskell/Angular.html]
[hackhands.com/guide-lazy-evaluation-haskell/Backbone.html]
[hackhands.com/guide-lazy-evaluation-haskell/Meteor.html]
[hackhands.com/guide-lazy-evaluation-haskell/Ember.html]
[community.haskell.org/_simonmar/home.css]
[community.haskell.org/_simonmar/bib/bib.html]
[cdsmith.wordpress.com/2009/04/20/code-for-manipulating-graphs-in-haskell/amp/index.html]
[cdsmith.wordpress.com/2009/04/20/code-for-manipulating-graphs-in-haskell/index1ea5.html]
[cdsmith.wordpress.com/2009/04/20/code-for-manipulating-graphs-in-haskell/index9a7b.html]
[cdsmith.wordpress.com/2009/04/20/code-for-manipulating-graphs-in-haskell/index5a58.html]
[cdsmith.wordpress.com/2009/04/20/code-for-manipulating-graphs-in-haskell/index386f.html]
[cdsmith.wordpress.com/2009/04/20/code-for-manipulating-graphs-in-haskell/indexcc4c.html]
[cdsmith.wordpress.com/2009/04/20/code-for-manipulating-graphs-in-haskell/indexc358.html]
[cdsmith.wordpress.com/2009/04/20/code-for-manipulating-graphs-in-haskell/indexeb1e.html]
[cdsmith.wordpress.com/2009/04/20/code-for-manipulating-graphs-in-haskell/index7ce1.html]
[cdsmith.wordpress.com/2009/04/20/code-for-manipulating-graphs-in-haskell/index78d5.html]
[github.com/Lemmih/lhc/tree/master/papers/dated.html]
[github.com/Lemmih/lhc/tree/master/papers/misc.html]
[github.com/Lemmih/lhc/tree/master/papers/optimization.html]
[github.com/Lemmih/lhc/tree/master/papers/typechecking.html]
[en.wikipedia.org/wiki/False_friend.html]
[ghc.haskell.org/trac/ghc/wiki/Commentary/Compiler/CmmType.html]
[ghc.haskell.org/trac/ghc/wiki/Debugging/CompiledCode.html]
[www.scs.stanford.edu/11au-cs240h/notes/ghc-slides.html]
[en.wikipedia.org/wiki/List_of_device_bit_rates.html]
[en.wikipedia.org/wiki/K-means_clustering]
[www.scs.stanford.edu/11au-cs240h/notes/basics.html]
[www.scs.stanford.edu/11au-cs240h/notes/basics-slides.html]
[www.scs.stanford.edu/11au-cs240h/notes/memory.html]
[www.scs.stanford.edu/11au-cs240h/notes/memory-slides.html]
[www.scs.stanford.edu/11au-cs240h/notes/testing.html]
[www.scs.stanford.edu/11au-cs240h/notes/testing-slides.html]
[www.scs.stanford.edu/11au-cs240h/notes/concurrency.html]
[www.scs.stanford.edu/11au-cs240h/notes/concurrency-slides.html]
[www.scs.stanford.edu/11au-cs240h/notes/zipper.html]
[www.scs.stanford.edu/11au-cs240h/notes/zipper-slides.html]
[www.scs.stanford.edu/11au-cs240h/notes/laziness.html]
[www.scs.stanford.edu/11au-cs240h/notes/laziness-slides.html]
[www.scs.stanford.edu/11au-cs240h/notes/monads.html]
[www.scs.stanford.edu/11au-cs240h/notes/monads-slides.html]
[www.scs.stanford.edu/11au-cs240h/notes/iteratee.html]
[www.scs.stanford.edu/11au-cs240h/notes/iteratee-slides.html]
[www.scs.stanford.edu/11au-cs240h/notes/ifc.html]
[www.scs.stanford.edu/11au-cs240h/notes/ifc-slides.html]
[www.scs.stanford.edu/11au-cs240h/notes/parsing.html]
[www.scs.stanford.edu/11au-cs240h/notes/parsing-slides.html]
[www.scs.stanford.edu/11au-cs240h/notes/perf.html]
[www.scs.stanford.edu/11au-cs240h/notes/perf-slides.html]
[www.scs.stanford.edu/11au-cs240h/notes/par.html]
[www.scs.stanford.edu/11au-cs240h/notes/par-slides.html]
[www.scs.stanford.edu/11au-cs240h/notes/ghc.html]
[www.scs.stanford.edu/11au-cs240h/notes/omgwtfbbq.html]
[www.scs.stanford.edu/11au-cs240h/notes/omgwtfbbq-slides.html]
[www.scs.stanford.edu/11au-cs240h/notes/extensions.html]
[www.scs.stanford.edu/11au-cs240h/notes/extensions-slides.html]
[www.scs.stanford.edu/11au-cs240h/notes/performance.html]
[www.scs.stanford.edu/11au-cs240h/notes/generic.html]
[www.scs.stanford.edu/11au-cs240h/notes/generic-slides.html]
[www.scs.stanford.edu/11au-cs240h/notes/slidy.css]
[dev.stephendiehl.com/fun/css/bootstrap-responsive.min.css]
[dev.stephendiehl.com/fun/css/colors.css]
[dev.stephendiehl.com/fun/css/style.css]
[dev.stephendiehl.com/fun/index-2.html]
[dev.stephendiehl.com/fun/000_introduction.html]
[dev.stephendiehl.com/fun/001_basics.html]
[dev.stephendiehl.com/fun/002_parsers.html]
[dev.stephendiehl.com/fun/003_lambda_calculus.html]
[dev.stephendiehl.com/fun/004_type_systems.html]
[dev.stephendiehl.com/fun/005_evaluation.html]
[dev.stephendiehl.com/fun/006_hindley_milner.html]
[dev.stephendiehl.com/fun/007_path.html]
[dev.stephendiehl.com/fun/008_extended_parser.html]
[dev.stephendiehl.com/fun/009_datatypes.html]
[dev.stephendiehl.com/fun/contributing.html]
[dev.stephendiehl.com/fun/js/nav.js]
[dev.stephendiehl.com/hask/css/style.css]
[dev.stephendiehl.com/hask/css/layout.css]
[dev.stephendiehl.com/hask/img/haskell_logo.svg]
[www.stephendiehl.com/posts/vim_2016.html]
[en.wikipedia.org/wiki/Up_tack.html]
[ghc.haskell.org/trac/ghc/wiki/SafeHaskell.html]
[en.wikipedia.org/wiki/Ackermann_function.html]
[ghc.haskell.org/trac/ghc/wiki/Roles.html]
[en.wikipedia.org/wiki/Curry–Howard_correspondence.html]
[www.stephendiehl.com/posts/generics.html]
[en.wikipedia.org/wiki/Verbal_arithmetic.html]
[dev.stephendiehl.com/hask/src/21-ffi/simple.html]
[dev.stephendiehl.com/hask/src/21-ffi/qsort.html]
[dev.stephendiehl.com/hask/src/21-ffi/pointer.html]
[ghc.haskell.org/trac/ghc/wiki/Commentary/Rts/Scheduler.html]
[ghc.haskell.org/trac/ghc/wiki/Commentary/Compiler/CoreSynType.html]
[en.wikipedia.org/wiki/Haskell_Curry.html]
[en.wikipedia.org/wiki/Standard_ML.html]
[dev.stephendiehl.com/hask/js/nav.js]
[ocharles.org.uk/blog/css/syntax-highlighting.css]
[ocharles.org.uk/blog/pages/2014-12-01-24-days-of-ghc-extensions.html]
[ocharles.org.uk/blog/pages/2013-12-01-24-days-of-hackage.html]
[ocharles.org.uk/blog/pages/2012-12-01-24-days-of-hackage.html]
[ocharles.org.uk/blog/posts/2016-04-23-transformers-eff.html]
[ocharles.org.uk/blog/posts/2016-01-26-transformers-free-monads-mtl-laws.html]
[ocharles.org.uk/blog/posts/2015-09-07-announcing-sdl2.html]
[ocharles.org.uk/blog/posts/2015-07-23-another-approach-to-default-variables.html]
[ocharles.org.uk/blog/posts/2014-12-24-conclusion.html]
[ocharles.org.uk/blog/guest-posts/2014-12-23-static-pointers.html]
[ocharles.org.uk/blog/guest-posts/2014-12-22-template-haskell.html]
[ocharles.org.uk/blog/guest-posts/2014-12-21-arrows.html]
[ocharles.org.uk/blog/guest-posts/2014-12-20-scoped-type-variables.html]
[ocharles.org.uk/blog/guest-posts/2014-12-19-existential-quantification.html]
[ocharles.org.uk/blog/guest-posts/2014-12-18-rank-n-types.html]
[ocharles.org.uk/blog/posts/2014-12-17-overloaded-strings.html]
[ocharles.org.uk/blog/posts/2014-12-16-derive-generic.html]
[ocharles.org.uk/blog/guest-posts/2014-12-15-deriving.html]
[ocharles.org.uk/blog/posts/2014-12-14-functional-dependencies.html]
[ocharles.org.uk/blog/posts/2014-12-13-multi-param-type-classes.html]
[ocharles.org.uk/blog/posts/2014-12-12-type-families.html]
[ocharles.org.uk/blog/posts/2014-12-11-implicit-params.html]
[ocharles.org.uk/blog/posts/2014-12-10-nullary-type-classes.html]
[ocharles.org.uk/blog/posts/2014-12-09-recursive-do.html]
[ocharles.org.uk/blog/posts/2014-12-08-type-operators.html]
[ocharles.org.uk/blog/guest-posts/2014-12-07-list-comprehensions.html]
[ocharles.org.uk/blog/guest-posts/2014-12-06-rebindable-syntax.html]
[ocharles.org.uk/blog/posts/2014-12-05-bang-patterns.html]
[ocharles.org.uk/blog/posts/2014-12-04-record-wildcards.html]
[ocharles.org.uk/blog/posts/2014-12-03-pattern-synonyms.html]
[ocharles.org.uk/blog/posts/2014-12-02-view-patterns.html]
[ocharles.org.uk/blog/posts/2014-12-01-24-days-of-ghc-extensions.html]
[ocharles.org.uk/blog/posts/2014-11-11-memo-html.html]
[ocharles.org.uk/blog/posts/2014-08-07-postgresql-simple-generic-sop.html]
[ocharles.org.uk/blog/posts/2014-07-13-announcing-socket-io-for-haskell.html]
[ocharles.org.uk/blog/posts/2014-06-10-reversible-serialization.html]
[ocharles.org.uk/blog/posts/2014-05-28-pure-batched-queries.html]
[ocharles.org.uk/blog/posts/2014-05-02-well-typed-guide-haskell-type-system.html]
[ocharles.org.uk/blog/posts/2014-04-26-constructing-generically.html]
[ocharles.org.uk/blog/posts/2014-03-24-queries-in-loops-without-a-care-in-the-world.html]
[ocharles.org.uk/blog/posts/2014-02-25-dependent-types-and-plhaskell.html]
[ocharles.org.uk/blog/posts/2014-02-04-how-i-develop-with-nixos.html]
[ocharles.org.uk/blog/posts/2014-01-20-announcing-tasty-rerun.html]
[ocharles.org.uk/blog/posts/2013-12-24-24-days-of-hackage-charts.html]
[ocharles.org.uk/blog/posts/2013-12-23-24-days-of-hackage-fay.html]
[ocharles.org.uk/blog/guest-posts/2013-12-22-24-days-of-hackage-profunctors.html]
[ocharles.org.uk/blog/guest-posts/2013-12-21-24-days-of-hackage-contravariant.html]
[ocharles.org.uk/blog/posts/2013-12-20-24-days-of-hackage-web-routes-boomerang.html]
[ocharles.org.uk/blog/posts/2013-12-19-websockets.html]
[ocharles.org.uk/blog/posts/2013-12-18-doctest.html]
[ocharles.org.uk/blog/posts/2013-12-17-24-days-of-hackage-unordered-containers.html]
[ocharles.org.uk/blog/posts/2013-12-16-24-days-of-hackage-repa.html]
[ocharles.org.uk/blog/posts/2013-12-15-24-days-of-hackage-time.html]
[ocharles.org.uk/blog/posts/2013-12-14-24-days-of-hackage-acid-state.html]
[ocharles.org.uk/blog/posts/2013-12-13-24-days-of-hackage-async.html]
[ocharles.org.uk/blog/guest-posts/2013-12-12-24-days-of-hackage-pandoc.html]
[ocharles.org.uk/blog/posts/2013-12-11-24-days-of-hackage-heist.html]
[ocharles.org.uk/blog/posts/2013-12-10-24-days-of-hackage-gloss.html]
[ocharles.org.uk/blog/guest-posts/2013-12-09-24-days-of-hackage-sbv.html]
[ocharles.org.uk/blog/posts/2013-12-08-24-days-of-hackage-data-memocombinators.html]
[ocharles.org.uk/blog/posts/2013-12-07-24-days-of-hackage-threepenny-gui.html]
[ocharles.org.uk/blog/posts/2013-12-06-24-days-of-hackage-persistent-esqueleto.html]
[ocharles.org.uk/blog/posts/2013-12-05-24-days-of-hackage-scotty.html]
[ocharles.org.uk/blog/posts/2013-12-04-24-days-of-hackage-extensible-effects.html]
[ocharles.org.uk/blog/posts/2013-12-03-24-days-of-hackage-tasty.html]
[ocharles.org.uk/blog/posts/2013-12-02-24-days-of-hackage-linear.html]
[ocharles.org.uk/blog/posts/2013-12-01-24-days-of-hackage-intro.html]
[ocharles.org.uk/blog/posts/2013-11-24-using-indexed-free-monads-to-quickcheck-json.html]
[ocharles.org.uk/blog/posts/2013-11-06-24-days-of-hackage-2013.html]
[ocharles.org.uk/blog/posts/2013-10-23-pipes-talk.html]
[ocharles.org.uk/blog/posts/2013-08-18-asteroids-in-netwire.html]
[ocharles.org.uk/blog/posts/2013-08-01-getting-started-with-netwire-and-sdl.html]
[ocharles.org.uk/blog/posts/2013-07-26-a-comparison-between-perl-and-haskell.html]
[ocharles.org.uk/blog/posts/2013-04-09-data-type-generic-programming.html]
[ocharles.org.uk/blog/posts/2013-02-12-quick-dsls-with-endo-writers.html]
[ocharles.org.uk/blog/posts/2013-01-22-deriving-traversals.html]
[ocharles.org.uk/blog/posts/2012-12-24-24-days-of-hackage.html]
[ocharles.org.uk/blog/posts/2012-12-23-24-days-of-hackage-base.html]
[ocharles.org.uk/blog/posts/2012-12-22-24-days-of-hackage-blaze.html]
[ocharles.org.uk/blog/posts/2012-12-21-24-days-of-hackage-configurator.html]
[ocharles.org.uk/blog/posts/2012-12-20-24-days-of-hackage-transformers.html]
[ocharles.org.uk/blog/posts/2012-12-19-24-days-of-hackage-snap.html]
[ocharles.org.uk/blog/posts/2012-12-18-24-days-of-hackage-criterion.html]
[ocharles.org.uk/blog/posts/2012-12-17-24-days-of-hackage-optparse-applicative.html]
[ocharles.org.uk/blog/posts/2012-12-16-24-days-of-hackage-pipes.html]
[ocharles.org.uk/blog/posts/2012-12-15-24-days-of-hackage-haskelldb.html]
[ocharles.org.uk/blog/posts/2012-12-14-24-days-of-hackage-dlist.html]
[ocharles.org.uk/blog/posts/2012-12-12-24-days-of-hackage-text.html]
[ocharles.org.uk/blog/posts/2012-12-11-24-day-of-hackage-ekg.html]
[ocharles.org.uk/blog/posts/2012-12-10-24-days-of-hackage-parsec.html]
[ocharles.org.uk/blog/posts/2012-12-09-24-days-of-hackage-lens.html]
[ocharles.org.uk/blog/posts/2012-12-08-24-days-of-hackage.html]
[ocharles.org.uk/blog/posts/2012-12-07-24-days-of-hackage-aeson.html]
[ocharles.org.uk/blog/posts/2012-12-06-containers.html]
[ocharles.org.uk/blog/posts/2012-12-05-24-days-of-hackage-hlint.html]
[ocharles.org.uk/blog/posts/2012-12-04-errors.html]
[ocharles.org.uk/blog/posts/2012-12-03-postgresql-simple.html]
[ocharles.org.uk/blog/posts/2012-12-02-digestive-functors.html]
[ocharles.org.uk/blog/posts/2012-12-01-24-days-of-hackage.html]
[ocharles.org.uk/blog/posts/2012-08-05-announcing-raskell.html]
[ocharles.org.uk/blog/posts/2012-07-24-in-praise-of-EitherT.html]
[ocharles.org.uk/blog/posts/2012-07-20-nes-does-it-better-2.html]
[ocharles.org.uk/blog/posts/2012-07-12-musicbrainz-database-abstraction-choices.html]
[ocharles.org.uk/blog/posts/2012-07-10-nes-does-it-better-1.html]
[ocharles.org.uk/blog/posts/2012-07-09-leaving-gentoo.html]
[ocharles.org.uk/blog/posts/2011-11-29-crowdsourcing-organization.html]
[ocharles.org.uk/blog/posts/2011-07-28-git-in-pg.html]
[ocharles.org.uk/blog/posts/2010-12-15-sorting-subjective-media-competitively.html]
[ocharles.org.uk/blog/posts/2010-11-28-optimizing-perl.html]
[ocharles.org.uk/blog/posts/2010-11-24-factories-in-perl.html]
[ocharles.org.uk/blog/posts/2010-11-19-magpie.html]
[ocharles.org.uk/blog/posts/2010-04-03-sql-is-data-not-a-string.html]
[ocharles.org.uk/blog/img/rss.svg]
[ghc.haskell.org/trac/ghc/wiki/TracGuide.html]
[ghc.haskell.org/trac/ghc/wiki/Commentary/Compiler.html]
[ghc.haskell.org/trac/ghc/wiki/Commentary.html]
[ghc.haskell.org/trac/ghc/wiki/WikiStart.html]
[ghc.haskell.org/trac/ghc/wiki/TitleIndex.html]
[ghc.haskell.org/trac/ghc/wiki/Commentary/Compiler/GeneratedCoded9df.html]
[ghc.haskell.org/trac/ghc/wiki/ReportABug.html]
[ghc.haskell.org/trac/ghc/wiki/Newcomers.html]
[ghc.haskell.org/trac/ghc/wiki/MailingListsAndIRC.html]
[ghc.haskell.org/trac/ghc/wiki/TeamGHC.html]
[ghc.haskell.org/trac/ghc/wiki/Status.html]
[ghc.haskell.org/trac/ghc/wiki/Building.html]
[ghc.haskell.org/trac/ghc/wiki/WorkingConventions.html]
[ghc.haskell.org/trac/ghc/wiki/Debugging.html]
[ghc.haskell.org/trac/ghc/wiki/Infrastructure.html]
[ghc.haskell.org/trac/ghc/wiki/RecentChanges.html]
[ghc.haskell.org/trac/ghc/wiki/TracWikiMisc.html]
[ghc.haskell.org/trac/ghc/wiki/Commentary/Compiler/GeneratedCode5389.html]
[en.wikipedia.org/wiki/K-nearest_neighbors_algorithm.html]
[en.wikipedia.org/wiki/Machine_learning]
[akgupta.ca/blog/2014/06/21/k-nn-algorithm-in-golang-and-haskell/embed.html]
[akgupta.ca/blog/2013/05/14/so-you-still-dont-understand-hindley-milner/embed.html]
[en.wikipedia.org/wiki/Recursive_definition]
[en.wikipedia.org/wiki/Hindley–Milner.html]
[akgupta.ca/blog/2013/06/07/so-you-still-dont-understand-hindley-milner-part-2/embed.html]
[akgupta.ca/blog/2013/06/07/so-you-still-dont-understand-hindley-milner-part-3/embed.html]
[en.wikipedia.org/wiki/Truthiness]
[en.wikipedia.org/wiki/Abstract_nonsense]
[en.wikipedia.org/wiki/Functor]
[en.wikipedia.org/wiki/Profunctor]
[en.wikipedia.org/wiki/Einstein_notation.html]
[en.wikipedia.org/wiki/Kronecker_delta]
[blog.sigfpe.com/2011/07/profunctors-in-haskell4cd9.html]
[blog.sigfpe.com/2011/07/profunctors-in-haskell3db2.html]
[blog.sigfpe.com/2011/07/profunctors-in-haskellb6ef.html]
[blog.sigfpe.com/2011/07/profunctors-in-haskell1e78.html]
[blog.sigfpe.com/2011/07/profunctors-in-haskellb253.html]
[blog.sigfpe.com/2011/07/profunctors-in-haskellc673.html]
[blog.sigfpe.com/2011/07/www.cs.le.ac.uk/people/ngambino/Publications/generalised-species.html]
[blog.sigfpe.com/2011/07/profunctors-in-haskelle35f.html]
[blog.sigfpe.com/2011/07/profunctors-in-haskell24ef.html]
[blog.sigfpe.com/2011/07/profunctors-in-haskell5b67.html]
[blog.sigfpe.com/2011/07/profunctors-in-haskelld730.html]
[blog.sigfpe.com/2011/07/profunctors-in-haskellbb0a.html]
[blog.sigfpe.com/2011/07/profunctors-in-haskell587d.html]
[blog.sigfpe.com/2011/07/profunctors-in-haskell3b99.html]
[blog.sigfpe.com/2011/07/profunctors-in-haskell5739.html]
[blog.sigfpe.com/2011/07/profunctors-in-haskella1fc.html]
[blog.sigfpe.com/2011/07/profunctors-in-haskellc479.html]
[blog.sigfpe.com/2011/07/profunctors-in-haskell9b50.html]
[blog.sigfpe.com/2011/07/profunctors-in-haskell19dc.html]
[blog.sigfpe.com/2011/07/profunctors-in-haskell5535.html]
[blog.sigfpe.com/2011/07/profunctors-in-haskellc315.html]
[blog.sigfpe.com/2011/07/infinitude-of-primes.html]
[martingalemeasure.wordpress.com/2014/06/24/solving-the-15-puzzle-with-haskell-and-diagrams-10/amp/index.html]
[en.wikipedia.org/wiki/15_puzzlel.html]
[martingalemeasure.wordpress.com/2014/06/24/solving-the-15-puzzle-with-haskell-and-diagrams-10/index9a7b.html]
[martingalemeasure.wordpress.com/2014/06/24/solving-the-15-puzzle-with-haskell-and-diagrams-10/index5a58.html]
[www.stephendiehl.com/css/base.css]
[www.stephendiehl.com/css/skeleton.css]
[www.stephendiehl.com/css/typography.css]
[www.stephendiehl.com/css/layout.css]
[www.stephendiehl.com/css/syntax.css]
[www.stephendiehl.com/css/custom.css]
[www.stephendiehl.com/posts/images/favicon.html]
[www.stephendiehl.com/posts/images/apple-touch-icon.html]
[www.stephendiehl.com/posts/images/apple-touch-icon-72x72.html]
[www.stephendiehl.com/posts/images/apple-touch-icon-114x114.html]
[www.stephendiehl.com/posts/feed.html]
[www.stephendiehl.com/posts/feed-2.html]
[www.stephendiehl.com/index.html]
[www.stephendiehl.com/pages/writings.html]
[www.stephendiehl.com/pages/hire.html]
[www.stephendiehl.com/pages/pgp.html]
[www.stephendiehl.com/images/favicon.html]
[www.stephendiehl.com/images/apple-touch-icon.html]
[www.stephendiehl.com/images/apple-touch-icon-72x72.html]
[www.stephendiehl.com/images/apple-touch-icon-114x114.html]
[www.stephendiehl.com/posts/haskell_2017.html]
[www.stephendiehl.com/posts/smart_contracts.html]
[www.stephendiehl.com/posts/ghc_03.html]
[www.stephendiehl.com/posts/ghc_02.html]
[www.stephendiehl.com/posts/ghc_01.html]
[www.stephendiehl.com/posts/strings.html]
[www.stephendiehl.com/posts/protolude.html]
[www.stephendiehl.com/posts/docs.html]
[www.stephendiehl.com/posts/production.html]
[www.stephendiehl.com/posts/abstraction.html]
[www.stephendiehl.com/posts/haskell_2016.html]
[www.stephendiehl.com/posts/books.html]
[www.stephendiehl.com/posts/poll.html]
[www.stephendiehl.com/posts/vim_haskell.html]
[www.stephendiehl.com/posts/adjunctions.html]
[www.stephendiehl.com/posts/haskell_web.html]
[www.stephendiehl.com/posts/monads.html]
[www.stephendiehl.com/posts/essential_haskell.html]
[www.stephendiehl.com/llvm/css/bootstrap-responsive.min.css]
[www.stephendiehl.com/llvm/css/style.css]
[en.wikipedia.org/wiki/Backus–Naur_Form.html]
[en.wikipedia.org/wiki/Static_single_assignment_form.html]
[en.wikipedia.org/wiki/Advanced_Vector_Extensions.html]
[dev.stephendiehl.com/numpile/custom.html]
[www.schoolofhaskell.com/user/snoyberg/library-documentation/data-conduit-process.html]
[www.schoolofhaskell.com/user/snoyberg/library-documentation/pretty-time.html]
[www.schoolofhaskell.com/user/snoyberg/general-haskell/exceptions/exceptions-and-monad-transformers.html]
[github.com/ekmett/lens/watchers.html]
[github.com/ekmett/lens/stargazers.html]
[github.com/ekmett/lens/network.html]
[github.com/ekmett/lens/issues.html]
[github.com/ekmett/lens/pulls.html]
[github.com/ekmett/lens/projects.html]
[github.com/ekmett/lens/pulse.html]
[github.com/ekmett/lens/graphs/contributors.html]
[github.com/ekmett/lens/wiki/Home/_history.html]
[github.com/ekmett/lens/wiki/Branches.html]
[github.com/ekmett/lens/wiki/Bugs-Found.html]
[github.com/ekmett/lens/wiki/Derivation.html]
[github.com/ekmett/lens/wiki/Evaluations.html]
[github.com/ekmett/lens/wiki/Examples.html]
[github.com/ekmett/lens/wiki/FAQ.html]
[github.com/ekmett/lens/wiki/History-of-Lenses.html]
[github.com/ekmett/lens/wiki/How-can-I-write-lenses-without-depending-on-lens_.html]
[github.com/ekmett/lens/wiki/Operators.html]
[github.com/ekmett/lens/wiki/Overview.html]
[github.com/ekmett/lens/wiki/Plated.html]
[github.com/ekmett/lens/wiki/Synonyms-by-Constraints.html]
[github.com/ekmett/lens/wiki/Tutorial.html]
[github.com/ekmett/lens/wiki/Types.html]
[github.com/ekmett/lens/wiki/Varying-lens-properties-by-instance.html]
[robots.thoughtbot.com/assets/application-ff0c4cc73b0d2029b89faccf076fdc8a7e82ffa8adeb43387b1449ef94499722.css]
[robots.thoughtbot.com/index.html]
[robots.thoughtbot.com/tags.html]
[robots.thoughtbot.com/design.html]
[robots.thoughtbot.com/web.html]
[robots.thoughtbot.com/ios.html]
[robots.thoughtbot.com/android.html]
[robots.thoughtbot.com/authors/pat-brisbin.html]
[robots.thoughtbot.com/tags/web.html]
[robots.thoughtbot.com/tags/haskell.html]
[robots.thoughtbot.com/as we're doing above.html]
[takenobu-hs.github.io/downloads/stylesheets/stylesheet.css]
[takenobu-hs.github.io/downloads/stylesheets/pygment_trac.css]
[takenobu-hs.github.io/downloads/stylesheets/print.css]
[ghc.haskell.org/trac/ghc/wiki/ReadingListd9df.html]
[ghc.haskell.org/trac/ghc/wiki/ReadingList8a94.html]
[ghc.haskell.org/trac/ghc/wiki/PatternSynonyms.html]
[en.wikipedia.org/wiki/Church_encoding.html]
[ogldev.atspace.co.uk/www/style.css]
[ogldev.atspace.co.uk/www/print.css]
[ogldev.atspace.co.uk/www/html5shiv.min.html]
[ogldev.atspace.co.uk/www/html5shiv-printshiv.min.html]
[ogldev.atspace.co.uk/index-2.html]
[ogldev.atspace.co.uk/instructions.html]
[ogldev.atspace.co.uk/faq.html]
[ogldev.atspace.co.uk/news.html]
[ogldev.atspace.co.uk/contact.html]
[ogldev.atspace.co.uk/donate.html]
[ogldev.atspace.co.uk/www/tutorial01/tutorial01.html]
[ogldev.atspace.co.uk/www/tutorial02/tutorial02.html]
[ogldev.atspace.co.uk/www/tutorial03/tutorial03.html]
[ogldev.atspace.co.uk/www/tutorial04/tutorial04.html]
[ogldev.atspace.co.uk/www/tutorial05/tutorial05.html]
[ogldev.atspace.co.uk/www/tutorial06/tutorial06.html]
[ogldev.atspace.co.uk/www/tutorial07/tutorial07.html]
[ogldev.atspace.co.uk/www/tutorial08/tutorial08.html]
[ogldev.atspace.co.uk/www/tutorial09/tutorial09.html]
[ogldev.atspace.co.uk/www/tutorial10/tutorial10.html]
[ogldev.atspace.co.uk/www/tutorial11/tutorial11.html]
[ogldev.atspace.co.uk/www/tutorial12/tutorial12.html]
[ogldev.atspace.co.uk/www/tutorial13/tutorial13.html]
[ogldev.atspace.co.uk/www/tutorial14/tutorial14.html]
[ogldev.atspace.co.uk/www/tutorial15/tutorial15.html]
[ogldev.atspace.co.uk/www/tutorial16/tutorial16.html]
[ogldev.atspace.co.uk/www/tutorial17/tutorial17.html]
[ogldev.atspace.co.uk/www/tutorial18/tutorial18.html]
[ogldev.atspace.co.uk/www/tutorial19/tutorial19.html]
[ogldev.atspace.co.uk/www/tutorial20/tutorial20.html]
[ogldev.atspace.co.uk/www/tutorial21/tutorial21.html]
[ogldev.atspace.co.uk/www/tutorial22/tutorial22.html]
[ogldev.atspace.co.uk/www/tutorial23/tutorial23.html]
[ogldev.atspace.co.uk/www/tutorial24/tutorial24.html]
[ogldev.atspace.co.uk/www/tutorial25/tutorial25.html]
[ogldev.atspace.co.uk/www/tutorial26/tutorial26.html]
[ogldev.atspace.co.uk/www/tutorial27/tutorial27.html]
[ogldev.atspace.co.uk/www/tutorial28/tutorial28.html]
[ogldev.atspace.co.uk/www/tutorial29/tutorial29.html]
[ogldev.atspace.co.uk/www/tutorial30/tutorial30.html]
[ogldev.atspace.co.uk/www/tutorial31/tutorial31.html]
[ogldev.atspace.co.uk/www/tutorial32/tutorial32.html]
[ogldev.atspace.co.uk/www/tutorial33/tutorial33.html]
[ogldev.atspace.co.uk/www/tutorial34/tutorial34.html]
[ogldev.atspace.co.uk/www/tutorial35/tutorial35.html]
[ogldev.atspace.co.uk/www/tutorial36/tutorial36.html]
[ogldev.atspace.co.uk/www/tutorial37/tutorial37.html]
[ogldev.atspace.co.uk/www/tutorial38/tutorial38.html]
[ogldev.atspace.co.uk/www/tutorial39/tutorial39.html]
[ogldev.atspace.co.uk/www/tutorial40/tutorial40.html]
[ogldev.atspace.co.uk/www/tutorial41/tutorial41.html]
[ogldev.atspace.co.uk/www/tutorial42/tutorial42.html]
[ogldev.atspace.co.uk/www/tutorial43/tutorial43.html]
[ogldev.atspace.co.uk/www/tutorial44/tutorial44.html]
[ogldev.atspace.co.uk/www/tutorial45/tutorial45.html]
[ogldev.atspace.co.uk/www/tutorial46/tutorial46.html]
[ogldev.atspace.co.uk/www/tutorial47/tutorial47.html]
[ogldev.atspace.co.uk/www/tutorial48/tutorial48.html]
[ogldev.atspace.co.uk/www/tutorial49/tutorial49.html]
[ogldev.atspace.co.uk/www/tutorial50/tutorial50.html]
[en.wikipedia.org/wiki/Covariance_and_contravariance_(computer_science).html]
[www.fpcomplete.com/blog/2016/11/comparison-scala-and-haskell.html]
[www.fpcomplete.com/blog/2016/11/devops-best-practices-multifaceted-testing.html]
[www.fpcomplete.com/blog/2016/11/scripting-in-haskell.html]
[www.fpcomplete.com/blog/2016/11/mastering-time-to-market-haskell.html]
[www.fpcomplete.com/blog/2016/11/devops-best-practices-immutability.html]
[www.fpcomplete.com/blog/2016/11/exceptions-best-practices-haskell.html]
[jeltsch.wordpress.com/2016/02/22/generic-programming-in-haskell/amp/index.html]
[jeltsch.wordpress.com/2016/02/22/generic-programming-in-haskell/index1ea5.html]
[jeltsch.wordpress.com/2016/02/22/generic-programming-in-haskell/index5a58.html]
[jeltsch.wordpress.com/2016/02/22/generic-programming-in-haskell/index386f.html]
[jeltsch.wordpress.com/2016/02/22/generic-programming-in-haskell/index9a7b.html]
[jeltsch.wordpress.com/2016/02/22/generic-programming-in-haskell/index9f21.html]
[jeltsch.wordpress.com/2016/02/22/generic-programming-in-haskell/indexcce0.html]
[jeltsch.wordpress.com/2016/02/22/generic-programming-in-haskell/index27bb.html]
[jeltsch.wordpress.com/2016/02/22/generic-programming-in-haskell/index2c9d.html]
[jeltsch.wordpress.com/2013/02/09/some-interesting-features-of-haskells-type-system/amp/index.html]
[jeltsch.wordpress.com/2013/02/09/some-interesting-features-of-haskells-type-system/index1ea5.html]
[jeltsch.wordpress.com/2013/02/09/some-interesting-features-of-haskells-type-system/index5a58.html]
[jeltsch.wordpress.com/2013/02/09/some-interesting-features-of-haskells-type-system/index386f.html]
[jeltsch.wordpress.com/2013/02/09/some-interesting-features-of-haskells-type-system/index9a7b.html]
[jeltsch.wordpress.com/2013/02/09/some-interesting-features-of-haskells-type-system/index9f21.html]
[jeltsch.wordpress.com/2013/02/09/some-interesting-features-of-haskells-type-system/indexcce0.html]
[jeltsch.wordpress.com/2013/02/09/some-interesting-features-of-haskells-type-system/index27bb.html]
[jeltsch.wordpress.com/2013/02/09/some-interesting-features-of-haskells-type-system/index784e.html]
[jeltsch.wordpress.com/2013/02/09/some-interesting-features-of-haskells-type-system/index83a2.html]
[jeltsch.wordpress.com/2013/02/09/some-interesting-features-of-haskells-type-system/index7dc1.html]
[jeltsch.wordpress.com/2013/02/09/some-interesting-features-of-haskells-type-system/indexe42e.html]
[jeltsch.wordpress.com/2013/04/18/miu-in-haskell/amp/index.html]
[en.wikipedia.org/wiki/MU_puzzle.html]
[jeltsch.wordpress.com/2013/04/18/miu-in-haskell/index1ea5.html]
[jeltsch.wordpress.com/2013/04/18/miu-in-haskell/index5a58.html]
[jeltsch.wordpress.com/2013/04/18/miu-in-haskell/index386f.html]
[jeltsch.wordpress.com/2013/04/18/miu-in-haskell/index9a7b.html]
[jeltsch.wordpress.com/2013/04/18/miu-in-haskell/index9f21.html]
[jeltsch.wordpress.com/2013/04/18/miu-in-haskell/indexcce0.html]
[jeltsch.wordpress.com/2013/04/18/miu-in-haskell/index27bb.html]
[jeltsch.wordpress.com/2013/04/18/miu-in-haskell/indexe954.html]
[jeltsch.wordpress.com/2013/04/18/miu-in-haskell/indexba76.html]
[jeltsch.wordpress.com/2013/04/18/miu-in-haskell/index78b4.html]
[en.wikipedia.org/wiki/Indo-European_languages.html]
[en.wikipedia.org/wiki/Estonian_language.html]
[jeltsch.wordpress.com/2013/04/18/miu-in-haskell/indexe29b.html]
[jeltsch.wordpress.com/2013/04/18/miu-in-haskell/index7714.html]
[jeltsch.wordpress.com/2013/04/18/miu-in-haskell/index62de.html]
[jeltsch.wordpress.com/2013/04/18/miu-in-haskell/index2e1b.html]
